###############################################################################
#
# IAR ELF Linker V2.20.1.176 for STM8                     09/Feb/2018  13:37:22
# Copyright 2010-2015 IAR Systems AB.
#
#    Output file  =  
#        E:\Desktop\众拳剑齿虎STM8的CAN总线数据转发实验程序\IAR\Debug\Exe\LY-STM8.out
#    Map file     =  
#        E:\Desktop\众拳剑齿虎STM8的CAN总线数据转发实验程序\IAR\Debug\List\LY-STM8.map
#    Command line =  
#        E:\Desktop\众拳剑齿虎STM8的CAN总线数据转发实验程序\IAR\Debug\Obj\can.o
#        E:\Desktop\众拳剑齿虎STM8的CAN总线数据转发实验程序\IAR\Debug\Obj\led.o
#        E:\Desktop\众拳剑齿虎STM8的CAN总线数据转发实验程序\IAR\Debug\Obj\main.o
#        E:\Desktop\众拳剑齿虎STM8的CAN总线数据转发实验程序\IAR\Debug\Obj\pbdata.o
#        E:\Desktop\众拳剑齿虎STM8的CAN总线数据转发实验程序\IAR\Debug\Obj\stm8s_can.o
#        E:\Desktop\众拳剑齿虎STM8的CAN总线数据转发实验程序\IAR\Debug\Obj\stm8s_clk.o
#        E:\Desktop\众拳剑齿虎STM8的CAN总线数据转发实验程序\IAR\Debug\Obj\stm8s_gpio.o
#        E:\Desktop\众拳剑齿虎STM8的CAN总线数据转发实验程序\IAR\Debug\Obj\stm8s_it.o
#        E:\Desktop\众拳剑齿虎STM8的CAN总线数据转发实验程序\IAR\Debug\Obj\stm8s_uart1.o
#        E:\Desktop\众拳剑齿虎STM8的CAN总线数据转发实验程序\IAR\Debug\Obj\uart1.o
#        --redirect _Printf=_PrintfSmall --redirect _Scanf=_ScanfSmall -o
#        E:\Desktop\众拳剑齿虎STM8的CAN总线数据转发实验程序\IAR\Debug\Exe\LY-STM8.out
#        --map
#        E:\Desktop\众拳剑齿虎STM8的CAN总线数据转发实验程序\IAR\Debug\List\LY-STM8.map
#        --config "C:\Program Files (x86)\IAR Systems\Embedded Workbench
#        7.3\stm8\config\lnkstm8s208mb.icf" --config_def _CSTACK_SIZE=0x100
#        --config_def _HEAP_SIZE=0x100 --entry __iar_program_start --debug_lib
#
###############################################################################

*******************************************************************************
*** RUNTIME MODEL ATTRIBUTES
***

__Heap_Handler             = Basic
__SystemLibrary            = DLib
__code_model               = small
__core                     = stm8
__data_model               = medium
__dlib_file_descriptor     = 1
__dlib_full_locale_support = 1
__rt_version               = 4


*******************************************************************************
*** PLACEMENT SUMMARY
***

"A1":  place at start of [0x000000-0x0000ff] { rw section .vregs };
"A2":  place at end of [0x000000-0x0017ff] { block CSTACK };
"P2":  place in [from 0x000000 to 0x0017ff] {
          block HEAP, rw section __DLIB_PERTHREAD, rw section .far.bss,
          rw section .far.data, rw section .far.noinit,
          rw section .far_func.textrw, rw section .huge.bss,
          rw section .huge.data, rw section .huge.noinit,
          rw section .huge_func.textrw, rw section .iar.dynexit,
          rw section .near.bss, rw section .near.data, rw section .near.noinit,
          rw section .near_func.textrw };
"A3":  place at start of [0x008000-0x00ffff] { block INTVEC };
"P3":  place in [from 0x008000 to 0x00ffff] {
          ro section __DLIB_PERTHREAD_init, ro section .far.data_init,
          ro section .far_func.textrw_init, ro section .huge.data_init,
          ro section .huge_func.textrw_init, ro section .iar.init_table,
          ro section .init_array, ro section .near.data_init,
          ro section .near.rodata, ro section .near_func.text,
          ro section .near_func.textrw_init, ro section .tiny.data_init,
          ro section .tiny.rodata_init };

  Section          Kind      Address    Size  Object
  -------          ----      -------    ----  ------
"A1":                                   0x10
  .vregs           uninit   0x000000    0x10  vregs.o [4]
                          - 0x000010    0x10

"P2":                                   0x10
  .near.bss        zero     0x000010     0x8  stm8s_can.o [1]
  .near.bss        zero     0x000018     0x4  stm8s_can.o [1]
  .near.bss        zero     0x00001c     0x1  stm8s_can.o [1]
  .near.bss        zero     0x00001d     0x1  stm8s_can.o [1]
  .near.bss        zero     0x00001e     0x1  stm8s_can.o [1]
  .near.bss        zero     0x00001f     0x1  stm8s_can.o [1]
                          - 0x000020    0x10

"A2":                                  0x100
  CSTACK                    0x001700   0x100  <Block>
    CSTACK         uninit   0x001700   0x100  <Block tail>
                          - 0x001800   0x100

"A3":                                   0x80
  INTVEC                    0x008000    0x80  <Block>
    .intvec        const    0x008000    0x80  interrupt.o [4]
                          - 0x008080    0x80

"P3":                                 0x14f7
  .near_func.text  ro code  0x008080   0x41c  stm8s_can.o [1]
  .near_func.text  ro code  0x00849c   0x226  stm8s_uart1.o [1]
  .near_func.text  ro code  0x0086c2   0x1aa  stm8s_can.o [1]
  .near_func.text  ro code  0x00886c   0x172  long.o [4]
  .near_func.text  ro code  0x0089de   0x142  stm8s_can.o [1]
  .near_func.text  ro code  0x008b20   0x12a  stm8s_can.o [1]
  .near_func.text  ro code  0x008c4a   0x114  stm8s_gpio.o [1]
  .near_func.text  ro code  0x008d5e    0xf2  vreg_util.o [4]
  .near_func.text  ro code  0x008e50    0xd3  stm8s_can.o [1]
  .near_func.text  ro code  0x008f23    0xd0  stm8s_uart1.o [1]
  .near_func.text  ro code  0x008ff3    0x92  stm8s_can.o [1]
  .near.rodata     const    0x009085    0x71  stm8s_uart1.o [1]
  .near.rodata     const    0x0090f6    0x70  stm8s_gpio.o [1]
  .near.rodata     const    0x009166    0x6f  stm8s_can.o [1]
  .near.rodata     const    0x0091d5    0x6f  stm8s_clk.o [1]
  .near_func.text  ro code  0x009244    0x5e  can.o [1]
  .near_func.text  ro code  0x0092a2    0x57  stm8s_clk.o [1]
  .near_func.text  ro code  0x0092f9    0x57  long_util.o [4]
  .near_func.text  ro code  0x009350    0x3d  stm8s_clk.o [1]
  .near_func.text  ro code  0x00938d    0x3c  can.o [1]
  .near_func.text  ro code  0x0093c9    0x33  dc_util.o [4]
  .near_func.text  ro code  0x0093fc    0x26  uart1.o [1]
  .near_func.text  ro code  0x009422    0x24  led.o [1]
  .near_func.text  ro code  0x009446    0x24  stm8s_can.o [1]
  .near_func.text  ro code  0x00946a    0x22  short.o [4]
  .iar.init_table  const    0x00948c     0x8  - Linker created -
  .near_func.text  ro code  0x009494    0x1e  init_small.o [4]
  .near_func.text  ro code  0x0094b2    0x17  init.o [4]
  .near_func.text  ro code  0x0094c9    0x16  stm8s_it.o [1]
  .near_func.text  ro code  0x0094df    0x14  __dbg_xxexit.o [3]
  .near_func.text  ro code  0x0094f3    0x13  cstartup.o [4]
  .near_func.text  ro code  0x009506     0xf  main.o [1]
  .near_func.text  ro code  0x009515     0xd  stm8s_uart1.o [1]
  .near_func.text  ro code  0x009522     0x6  stm8s_can.o [1]
  .near_func.text  ro code  0x009528     0x5  main.o [1]
  .near_func.text  ro code  0x00952d     0x5  stm8s_can.o [1]
  .near_func.text  ro code  0x009532     0x5  cexit.o [4]
  .near.rodata     const    0x009537     0x4  stm8s_clk.o [1]
  .near_func.text  ro code  0x00953b     0x4  stm8s_can.o [1]
  .near_func.text  ro code  0x00953f     0x4  stm8s_can.o [1]
  .near_func.text  ro code  0x009543     0x4  stm8s_can.o [1]
  .near_func.text  ro code  0x009547     0x4  stm8s_can.o [1]
  .near_func.text  ro code  0x00954b     0x4  stm8s_can.o [1]
  .near_func.text  ro code  0x00954f     0x3  interrupt.o [4]
  .near_func.text  ro code  0x009552     0x3  low_level_init.o [4]
  .near_func.text  ro code  0x009555     0x3  exit.o [4]
  .near_func.text  ro code  0x009558     0x3  unhandled_exception.o [4]
  .near_func.text  ro code  0x00955b     0x2  main.o [1]
  .near_func.text  ro code  0x00955d     0x1  stm8s_it.o [1]
  .near_func.text  ro code  0x00955e     0x1  stm8s_it.o [1]
  .near_func.text  ro code  0x00955f     0x1  stm8s_it.o [1]
  .near_func.text  ro code  0x009560     0x1  stm8s_it.o [1]
  .near_func.text  ro code  0x009561     0x1  stm8s_it.o [1]
  .near_func.text  ro code  0x009562     0x1  stm8s_it.o [1]
  .near_func.text  ro code  0x009563     0x1  stm8s_it.o [1]
  .near_func.text  ro code  0x009564     0x1  stm8s_it.o [1]
  .near_func.text  ro code  0x009565     0x1  stm8s_it.o [1]
  .near_func.text  ro code  0x009566     0x1  stm8s_it.o [1]
  .near_func.text  ro code  0x009567     0x1  stm8s_it.o [1]
  .near_func.text  ro code  0x009568     0x1  stm8s_it.o [1]
  .near_func.text  ro code  0x009569     0x1  stm8s_it.o [1]
  .near_func.text  ro code  0x00956a     0x1  stm8s_it.o [1]
  .near_func.text  ro code  0x00956b     0x1  stm8s_it.o [1]
  .near_func.text  ro code  0x00956c     0x1  stm8s_it.o [1]
  .near_func.text  ro code  0x00956d     0x1  stm8s_it.o [1]
  .near_func.text  ro code  0x00956e     0x1  stm8s_it.o [1]
  .near_func.text  ro code  0x00956f     0x1  stm8s_it.o [1]
  .near_func.text  ro code  0x009570     0x1  stm8s_it.o [1]
  .near_func.text  ro code  0x009571     0x1  stm8s_it.o [1]
  .near_func.text  ro code  0x009572     0x1  stm8s_it.o [1]
  .near_func.text  ro code  0x009573     0x1  stm8s_it.o [1]
  .near_func.text  ro code  0x009574     0x1  stm8s_it.o [1]
  .near_func.text  ro code  0x009575     0x1  stm8s_it.o [1]
  .near_func.text  ro code  0x009576     0x1  __dbg_break.o [3]
                          - 0x009577  0x14f7


*******************************************************************************
*** INIT TABLE
***

          Address   Size
          -------   ----
Zero (__iar_zero_init2)
    1 destination range, total size 0x10:
          0x000010  0x10



*******************************************************************************
*** MODULE SUMMARY
***

    Module                 ro code  ro data  rw data
    ------                 -------  -------  -------
E:\Desktop\众拳剑齿虎STM8的CAN总线数据转发实验程序\IAR\Debug\Obj: [1]
    can.o                      154
    led.o                       36
    main.o                      22
    stm8s_can.o              2 522      111       16
    stm8s_clk.o                148      115
    stm8s_gpio.o               276      112
    stm8s_it.o                  47
    stm8s_uart1.o              771      113
    uart1.o                     38
    ------------------------------------------------
    Total:                   4 014      451       16

command line: [2]
    ------------------------------------------------
    Total:

dbgstm8smd.a: [3]
    __dbg_break.o                1
    __dbg_xxexit.o              20
    ------------------------------------------------
    Total:                      21

dlstm8smf.a: [4]
    cexit.o                      5
    cstartup.o                  19
    dc_util.o                   51
    exit.o                       3
    init.o                      23
    init_small.o                30
    interrupt.o                  3      128
    long.o                     370
    long_util.o                 87
    low_level_init.o             3
    short.o                     34
    unhandled_exception.o        3
    vreg_util.o                242
    vregs.o                                       16
    ------------------------------------------------
    Total:                     873      128       16

    Linker created                        8      256
----------------------------------------------------
    Grand Total:             4 908      587      288


*******************************************************************************
*** ENTRY LIST
***

Entry                    Address   Size  Type      Object
-----                    -------   ----  ----      ------
.iar.init_table$$Base   0x00948c          --   Gb  - Linker created -
.iar.init_table$$Limit  0x009494          --   Gb  - Linker created -
?and16_x_x_dw           0x00946a         Code  Gb  short.o [4]
?and16_x_x_w0           0x00946d         Code  Gb  short.o [4]
?and32_l0_l0_0x         0x008989         Code  Gb  long.o [4]
?and32_l0_l0_l1         0x008986         Code  Gb  long.o [4]
?b0                     0x000000         Data  Gb  vregs.o [4]
?b1                     0x000001         Data  Gb  vregs.o [4]
?b10                    0x00000a         Data  Gb  vregs.o [4]
?b11                    0x00000b         Data  Gb  vregs.o [4]
?b12                    0x00000c         Data  Gb  vregs.o [4]
?b13                    0x00000d         Data  Gb  vregs.o [4]
?b14                    0x00000e         Data  Gb  vregs.o [4]
?b15                    0x00000f         Data  Gb  vregs.o [4]
?b2                     0x000002         Data  Gb  vregs.o [4]
?b3                     0x000003         Data  Gb  vregs.o [4]
?b4                     0x000004         Data  Gb  vregs.o [4]
?b5                     0x000005         Data  Gb  vregs.o [4]
?b6                     0x000006         Data  Gb  vregs.o [4]
?b7                     0x000007         Data  Gb  vregs.o [4]
?b8                     0x000008         Data  Gb  vregs.o [4]
?b9                     0x000009         Data  Gb  vregs.o [4]
?dc16_w0                0x0093c9         Code  Gb  dc_util.o [4]
?dc32_l0                0x0093d7         Code  Gb  dc_util.o [4]
?dc32_l1                0x0093e4         Code  Gb  dc_util.o [4]
?dc32_px                0x0093f1         Code  Gb  dc_util.o [4]
?e0                     0x000001         Data  Gb  vregs.o [4]
?e1                     0x000005         Data  Gb  vregs.o [4]
?e2                     0x000009         Data  Gb  vregs.o [4]
?e3                     0x00000d         Data  Gb  vregs.o [4]
?epilogue_l2            0x008ded         Code  Gb  vreg_util.o [4]
?epilogue_l2_l3         0x008dea         Code  Gb  vreg_util.o [4]
?epilogue_w4            0x008df1         Code  Gb  vreg_util.o [4]
?l0                     0x000000         Data  Gb  vregs.o [4]
?l1                     0x000004         Data  Gb  vregs.o [4]
?l2                     0x000008         Data  Gb  vregs.o [4]
?l3                     0x00000c         Data  Gb  vregs.o [4]
?load32_0x_l0           0x009342         Code  Gb  long_util.o [4]
?load32_asp_l0          0x009336         Code  Gb  long_util.o [4]
?load32_dbsp_l0         0x009331         Code  Gb  long_util.o [4]
?load32_l0_0x           0x009309         Code  Gb  long_util.o [4]
?load32_l0_asp          0x0092fe         Code  Gb  long_util.o [4]
?load32_l0_dbsp         0x0092f9         Code  Gb  long_util.o [4]
?load32_l0_xsp          0x009300         Code  Gb  long_util.o [4]
?load32_l1_0x           0x009325         Code  Gb  long_util.o [4]
?load32_l1_asp          0x00931a         Code  Gb  long_util.o [4]
?load32_l1_dbsp         0x009315         Code  Gb  long_util.o [4]
?load32_l1_xsp          0x00931c         Code  Gb  long_util.o [4]
?load32_xsp_l0          0x009338         Code  Gb  long_util.o [4]
?mov_e0_e2              0x008df8         Code  Gb  vreg_util.o [4]
?mov_e0_e3              0x008e05         Code  Gb  vreg_util.o [4]
?mov_e1_e0              0x008e12         Code  Gb  vreg_util.o [4]
?mov_e1_e2              0x008e1f         Code  Gb  vreg_util.o [4]
?mov_e1_e3              0x008e2c         Code  Gb  vreg_util.o [4]
?mov_e2_e0              0x008e39         Code  Gb  vreg_util.o [4]
?mov_e3_e0              0x008e46         Code  Gb  vreg_util.o [4]
?mov_l0_l2              0x008df5         Code  Gb  vreg_util.o [4]
?mov_l0_l3              0x008e02         Code  Gb  vreg_util.o [4]
?mov_l1_l0              0x008e0f         Code  Gb  vreg_util.o [4]
?mov_l1_l2              0x008e1c         Code  Gb  vreg_util.o [4]
?mov_l1_l3              0x008e29         Code  Gb  vreg_util.o [4]
?mov_l2_l0              0x008e36         Code  Gb  vreg_util.o [4]
?mov_l3_l0              0x008e43         Code  Gb  vreg_util.o [4]
?mov_w1_w5              0x008dfb         Code  Gb  vreg_util.o [4]
?mov_w1_w7              0x008e08         Code  Gb  vreg_util.o [4]
?mov_w3_w1              0x008e15         Code  Gb  vreg_util.o [4]
?mov_w3_w5              0x008e22         Code  Gb  vreg_util.o [4]
?mov_w3_w7              0x008e2f         Code  Gb  vreg_util.o [4]
?mov_w5_w1              0x008e3c         Code  Gb  vreg_util.o [4]
?mov_w7_w1              0x008e49         Code  Gb  vreg_util.o [4]
?mul32_l0_l0_0x         0x00888a         Code  Gb  long.o [4]
?mul32_l0_l0_dl         0x008887         Code  Gb  long.o [4]
?mul32_l0_l0_l1         0x008893         Code  Gb  long.o [4]
?or32_l0_l0_0x          0x0089a4         Code  Gb  long.o [4]
?or32_l0_l0_l1          0x0089a1         Code  Gb  long.o [4]
?pop_l0                 0x008db6         Code  Gb  vreg_util.o [4]
?pop_l1                 0x008dc1         Code  Gb  vreg_util.o [4]
?pop_l2                 0x008dcc         Code  Gb  vreg_util.o [4]
?pop_l3                 0x008dd7         Code  Gb  vreg_util.o [4]
?pop_w4                 0x008d76         Code  Gb  vreg_util.o [4]
?push_l0                0x008d85         Code  Gb  vreg_util.o [4]
?push_l1                0x008d8a         Code  Gb  vreg_util.o [4]
?push_l2                0x008d8f         Code  Gb  vreg_util.o [4]
?push_l3                0x008d94         Code  Gb  vreg_util.o [4]
?push_w4                0x008d5e         Code  Gb  vreg_util.o [4]
?sll16_x_x_4            0x00947f         Code  Gb  short.o [4]
?sll16_x_x_5            0x00947e         Code  Gb  short.o [4]
?sll16_x_x_6            0x00947d         Code  Gb  short.o [4]
?sll16_x_x_a            0x009475         Code  Gb  short.o [4]
?sll32_0x_0x_a          0x0089bf         Code  Gb  long.o [4]
?sll32_l0_l0_a          0x0089bc         Code  Gb  long.o [4]
?srl16_x_x_4            0x009487         Code  Gb  short.o [4]
?srl16_x_x_5            0x009486         Code  Gb  short.o [4]
?srl16_x_x_6            0x009485         Code  Gb  short.o [4]
?srl16_x_x_7            0x009484         Code  Gb  short.o [4]
?srl32_0x_0x_a          0x0089d0         Code  Gb  long.o [4]
?srl32_l0_l0_a          0x0089cd         Code  Gb  long.o [4]
?sub32_l0_l0_0x         0x00886f         Code  Gb  long.o [4]
?sub32_l0_l0_l1         0x00886c         Code  Gb  long.o [4]
?udiv32_l0_dl_l1        0x008911         Code  Gb  long.o [4]
?udiv32_l0_l0_dl        0x008916         Code  Gb  long.o [4]
?udiv32_l0_l0_l1        0x008919         Code  Gb  long.o [4]
?umod32_l1_l0_l1        0x008919         Code  Gb  long.o [4]
?w0                     0x000000         Data  Gb  vregs.o [4]
?w1                     0x000002         Data  Gb  vregs.o [4]
?w2                     0x000004         Data  Gb  vregs.o [4]
?w3                     0x000006         Data  Gb  vregs.o [4]
?w4                     0x000008         Data  Gb  vregs.o [4]
?w5                     0x00000a         Data  Gb  vregs.o [4]
?w6                     0x00000c         Data  Gb  vregs.o [4]
?w7                     0x00000e         Data  Gb  vregs.o [4]
ADC2_IRQHandler         0x009573    0x1  Code  Gb  stm8s_it.o [1]
AWU_IRQHandler          0x00955f    0x1  Code  Gb  stm8s_it.o [1]
BSP_Configuration       0x009506    0xf  Code  Gb  main.o [1]
CAN_Configuration       0x00938d   0x3c  Code  Gb  can.o [1]
CAN_FIFORelease         0x00952d    0x5  Code  Gb  stm8s_can.o [1]
CAN_FilterInit          0x008080  0x41c  Code  Gb  stm8s_can.o [1]
CAN_GetReceivedDLC      0x009543    0x4  Code  Gb  stm8s_can.o [1]
CAN_GetReceivedData     0x009446   0x24  Code  Gb  stm8s_can.o [1]
CAN_GetReceivedIDE      0x00953b    0x4  Code  Gb  stm8s_can.o [1]
CAN_GetReceivedId       0x009522    0x6  Code  Gb  stm8s_can.o [1]
CAN_GetReceivedRTR      0x00953f    0x4  Code  Gb  stm8s_can.o [1]
CAN_GetSelectedPage     0x009547    0x4  Code  Gb  stm8s_can.o [1]
CAN_ITConfig            0x008ff3   0x92  Code  Gb  stm8s_can.o [1]
CAN_Init                0x0089de  0x142  Code  Gb  stm8s_can.o [1]
CAN_OperatingModeRequest
                        0x008e50   0xd3  Code  Gb  stm8s_can.o [1]
CAN_RX_IRQHandler       0x0094c9   0x16  Code  Gb  stm8s_it.o [1]
CAN_Receive             0x008b20  0x12a  Code  Gb  stm8s_can.o [1]
CAN_RecvData_Demo1      0x009244   0x5e  Code  Gb  can.o [1]
CAN_SelectPage          0x00954b    0x4  Code  Gb  stm8s_can.o [1]
CAN_TX_IRQHandler       0x009566    0x1  Code  Gb  stm8s_it.o [1]
CAN_Transmit            0x0086c2  0x1aa  Code  Gb  stm8s_can.o [1]
CLK_GetClockFreq        0x0092a2   0x57  Code  Gb  stm8s_clk.o [1]
CLK_HSIPrescalerConfig  0x009350   0x3d  Code  Gb  stm8s_clk.o [1]
CLK_IRQHandler          0x009560    0x1  Code  Gb  stm8s_it.o [1]
CSTACK$$Base            0x001700          --   Gb  - Linker created -
CSTACK$$Limit           0x001800          --   Gb  - Linker created -
EEPROM_EEC_IRQHandler   0x009575    0x1  Code  Gb  stm8s_it.o [1]
EXTI_PORTA_IRQHandler   0x009561    0x1  Code  Gb  stm8s_it.o [1]
EXTI_PORTB_IRQHandler   0x009562    0x1  Code  Gb  stm8s_it.o [1]
EXTI_PORTC_IRQHandler   0x009563    0x1  Code  Gb  stm8s_it.o [1]
EXTI_PORTD_IRQHandler   0x009564    0x1  Code  Gb  stm8s_it.o [1]
EXTI_PORTE_IRQHandler   0x009565    0x1  Code  Gb  stm8s_it.o [1]
GPIO_Init               0x008c4a  0x114  Code  Gb  stm8s_gpio.o [1]
HSIDivFactor            0x009537    0x4  Data  Gb  stm8s_clk.o [1]
I2C_IRQHandler          0x009570    0x1  Code  Gb  stm8s_it.o [1]
INTVEC$$Base            0x008000          --   Gb  - Linker created -
INTVEC$$Limit           0x008080          --   Gb  - Linker created -
LED_Init                0x009422   0x24  Code  Gb  led.o [1]
Region$$Table$$Base     0x00948c          --   Gb  - Linker created -
Region$$Table$$Limit    0x009494          --   Gb  - Linker created -
SPI_IRQHandler          0x009567    0x1  Code  Gb  stm8s_it.o [1]
TIM1_CAP_COM_IRQHandler
                        0x009569    0x1  Code  Gb  stm8s_it.o [1]
TIM1_UPD_OVF_TRG_BRK_IRQHandler
                        0x009568    0x1  Code  Gb  stm8s_it.o [1]
TIM2_CAP_COM_IRQHandler
                        0x00956b    0x1  Code  Gb  stm8s_it.o [1]
TIM2_UPD_OVF_BRK_IRQHandler
                        0x00956a    0x1  Code  Gb  stm8s_it.o [1]
TIM3_CAP_COM_IRQHandler
                        0x00956d    0x1  Code  Gb  stm8s_it.o [1]
TIM3_UPD_OVF_BRK_IRQHandler
                        0x00956c    0x1  Code  Gb  stm8s_it.o [1]
TIM4_UPD_OVF_IRQHandler
                        0x009574    0x1  Code  Gb  stm8s_it.o [1]
TLI_IRQHandler          0x00955e    0x1  Code  Gb  stm8s_it.o [1]
TRAP_IRQHandler         0x00955d    0x1  Code  Gb  stm8s_it.o [1]
UART1_Cmd               0x009515    0xd  Code  Gb  stm8s_uart1.o [1]
UART1_Congfiguration    0x0093fc   0x26  Code  Gb  uart1.o [1]
UART1_ITConfig          0x008f23   0xd0  Code  Gb  stm8s_uart1.o [1]
UART1_Init              0x00849c  0x226  Code  Gb  stm8s_uart1.o [1]
UART1_RX_IRQHandler     0x00956f    0x1  Code  Gb  stm8s_it.o [1]
UART1_TX_IRQHandler     0x00956e    0x1  Code  Gb  stm8s_it.o [1]
UART3_RX_IRQHandler     0x009572    0x1  Code  Gb  stm8s_it.o [1]
UART3_TX_IRQHandler     0x009571    0x1  Code  Gb  stm8s_it.o [1]
_DLC                    0x00001e    0x1  Data  Gb  stm8s_can.o [1]
_Data                   0x000010    0x8  Data  Gb  stm8s_can.o [1]
_FMI                    0x00001f    0x1  Data  Gb  stm8s_can.o [1]
_IDE                    0x00001c    0x1  Data  Gb  stm8s_can.o [1]
_Id                     0x000018    0x4  Data  Gb  stm8s_can.o [1]
_RTR                    0x00001d    0x1  Data  Gb  stm8s_can.o [1]
__DebugBreak            0x009576    0x1  Code  Gb  __dbg_break.o [3]
__exit                  0x0094df   0x14  Code  Gb  __dbg_xxexit.o [3]
__iar_data_init2        0x0094b2   0x17  Code  Gb  init.o [4]
__iar_program_start     0x0094f3         Code  Gb  cstartup.o [4]
__iar_unhandled_exception
                        0x009558         Code  Gb  unhandled_exception.o [4]
__iar_zero_init2        0x009494         Code  Gb  init_small.o [4]
__intvec                0x008000         Data  Gb  interrupt.o [4]
__low_level_init        0x009552    0x3  Code  Gb  low_level_init.o [4]
_exit                   0x009532         Code  Gb  cexit.o [4]
_interrupt_1            0x00955d         Code  Gb  stm8s_it.o [1]
_interrupt_10           0x0094c9         Code  Gb  stm8s_it.o [1]
_interrupt_11           0x009566         Code  Gb  stm8s_it.o [1]
_interrupt_12           0x009567         Code  Gb  stm8s_it.o [1]
_interrupt_13           0x009568         Code  Gb  stm8s_it.o [1]
_interrupt_14           0x009569         Code  Gb  stm8s_it.o [1]
_interrupt_15           0x00956a         Code  Gb  stm8s_it.o [1]
_interrupt_16           0x00956b         Code  Gb  stm8s_it.o [1]
_interrupt_17           0x00956c         Code  Gb  stm8s_it.o [1]
_interrupt_18           0x00956d         Code  Gb  stm8s_it.o [1]
_interrupt_19           0x00956e         Code  Gb  stm8s_it.o [1]
_interrupt_2            0x00955e         Code  Gb  stm8s_it.o [1]
_interrupt_20           0x00956f         Code  Gb  stm8s_it.o [1]
_interrupt_21           0x009570         Code  Gb  stm8s_it.o [1]
_interrupt_22           0x009571         Code  Gb  stm8s_it.o [1]
_interrupt_23           0x009572         Code  Gb  stm8s_it.o [1]
_interrupt_24           0x009573         Code  Gb  stm8s_it.o [1]
_interrupt_25           0x009574         Code  Gb  stm8s_it.o [1]
_interrupt_26           0x009575         Code  Gb  stm8s_it.o [1]
_interrupt_3            0x00955f         Code  Gb  stm8s_it.o [1]
_interrupt_4            0x009560         Code  Gb  stm8s_it.o [1]
_interrupt_5            0x009561         Code  Gb  stm8s_it.o [1]
_interrupt_6            0x009562         Code  Gb  stm8s_it.o [1]
_interrupt_7            0x009563         Code  Gb  stm8s_it.o [1]
_interrupt_8            0x009564         Code  Gb  stm8s_it.o [1]
_interrupt_9            0x009565         Code  Gb  stm8s_it.o [1]
assert_failed           0x00955b    0x2  Code  Gb  main.o [1]
exit                    0x009555    0x3  Code  Gb  exit.o [4]
main                    0x009528    0x5  Code  Gb  main.o [1]


[1] = E:\Desktop\众拳剑齿虎STM8的CAN总线数据转发实验程序\IAR\Debug\Obj
[2] = command line
[3] = dbgstm8smd.a
[4] = dlstm8smf.a

  4 908 bytes of readonly  code memory
    587 bytes of readonly  data memory
    288 bytes of readwrite data memory

Errors: none
Warnings: none
