###############################################################################
#
# IAR ELF Linker V2.20.1.176 for STM8                     13/Nov/2017  09:01:32
# Copyright 2010-2015 IAR Systems AB.
#
#    Output file  =  E:\Desktop\STM8Project\uart\Debug\Exe\uart.out
#    Map file     =  E:\Desktop\STM8Project\uart\Debug\List\uart.map
#    Command line =  
#        E:\Desktop\STM8Project\uart\Debug\Obj\main.o
#        E:\Desktop\STM8Project\uart\Debug\Obj\sys.o
#        E:\Desktop\STM8Project\uart\Debug\Obj\uart.o --redirect
#        _Printf=_PrintfFull --redirect _Scanf=_ScanfFullNoMb -o
#        E:\Desktop\STM8Project\uart\Debug\Exe\uart.out --map
#        E:\Desktop\STM8Project\uart\Debug\List\uart.map --config "C:\Program
#        Files (x86)\IAR Systems\Embedded Workbench
#        7.3\stm8\config\lnkstm8s208rb.icf" --config_def _CSTACK_SIZE=0x100
#        --config_def _HEAP_SIZE=0x100 --entry __iar_program_start --debug_lib
#
###############################################################################

*******************************************************************************
*** RUNTIME MODEL ATTRIBUTES
***

__Heap_Handler             = Basic
__SystemLibrary            = DLib
__code_model               = small
__core                     = stm8
__data_model               = medium
__dlib_file_descriptor     = 1
__dlib_full_locale_support = 1
__rt_version               = 4


*******************************************************************************
*** PLACEMENT SUMMARY
***

"A1":  place at start of [0x000000-0x0000ff] { rw section .vregs };
"A2":  place at end of [0x000000-0x0017ff] { block CSTACK };
"P2":  place in [from 0x000000 to 0x0017ff] {
          block HEAP, rw section __DLIB_PERTHREAD, rw section .far.bss,
          rw section .far.data, rw section .far.noinit,
          rw section .far_func.textrw, rw section .huge.bss,
          rw section .huge.data, rw section .huge.noinit,
          rw section .huge_func.textrw, rw section .iar.dynexit,
          rw section .near.bss, rw section .near.data, rw section .near.noinit,
          rw section .near_func.textrw };
"A3":  place at start of [0x008000-0x00ffff] { block INTVEC };
"P3":  place in [from 0x008000 to 0x00ffff] {
          ro section __DLIB_PERTHREAD_init, ro section .far.data_init,
          ro section .far_func.textrw_init, ro section .huge.data_init,
          ro section .huge_func.textrw_init, ro section .iar.init_table,
          ro section .init_array, ro section .near.data_init,
          ro section .near.rodata, ro section .near_func.text,
          ro section .near_func.textrw_init, ro section .tiny.data_init,
          ro section .tiny.rodata_init };

  Section            Kind      Address    Size  Object
  -------            ----      -------    ----  ------
"A1":                                      0xc
  .vregs             uninit   0x000000     0xc  vregs.o [4]
                            - 0x00000c     0xc

"P2", part 1 of 3:                        0x56
  P2-1                        0x00000c    0x56  <Init block>
    .near.data       inited   0x00000c    0x2e  localeconv.o [4]
    .near.data       inited   0x00003a    0x28  xfiles.o [4]
                            - 0x000062    0x56

"P2", part 2 of 3:                       0x100
  HEAP                        0x000062   0x100  <Block>
    HEAP             uninit   0x000062   0x100  <Block tail>
                            - 0x000162   0x100

"P2", part 3 of 3:                        0x68
  .near.bss          zero     0x000162    0x50  xfiles.o [4]
  .near.bss          zero     0x0001b2     0xe  setlocale.o [4]
  .near.bss          zero     0x0001c0     0x4  xxmemxmalloc.o [4]
  .near.bss          zero     0x0001c4     0x2  localeconv.o [4]
  .near.bss          zero     0x0001c6     0x2  setlocale.o [4]
  .near.bss          zero     0x0001c8     0x2  xgetmemchunk.o [4]
                            - 0x0001ca    0x68

"A2":                                    0x100
  CSTACK                      0x001700   0x100  <Block>
    CSTACK           uninit   0x001700   0x100  <Block tail>
                            - 0x001800   0x100

Absolute sections, part 1 of 2:            0x2
  .near.noinit       uninit   0x0050c4     0x1  sys.o [1]
  .near.noinit       uninit   0x0050c5     0x1  sys.o [1]
                            - 0x0050c6     0x2

Absolute sections, part 2 of 2:            0x7
  .near.noinit       uninit   0x005230     0x1  uart.o [1]
  .near.noinit       uninit   0x005231     0x1  uart.o [1]
  .near.noinit       uninit   0x005232     0x1  uart.o [1]
  .near.noinit       uninit   0x005233     0x1  uart.o [1]
  .near.noinit       uninit   0x005234     0x1  uart.o [1]
  .near.noinit       uninit   0x005235     0x1  uart.o [1]
  .near.noinit       uninit   0x005236     0x1  uart.o [1]
                            - 0x005237     0x7

"A3":                                     0x80
  INTVEC                      0x008000    0x80  <Block>
    .intvec          const    0x008000    0x80  interrupt.o [4]
                            - 0x008080    0x80

"P3":                                   0x21fb
  .near_func.text    ro code  0x008080   0x4f6  xprintffull.o [4]
  .near_func.text    ro code  0x008576   0x460  float.o [4]
  .near_func.text    ro code  0x0089d6   0x423  xprintffull.o [4]
  .near_func.text    ro code  0x008df9   0x385  xprintffull.o [4]
  .near_func.text    ro code  0x00917e   0x23f  xprintffull.o [4]
  .near_func.text    ro code  0x0093bd   0x1b7  long.o [4]
  .near_func.text    ro code  0x009574   0x171  xprintffull.o [4]
  .near_func.text    ro code  0x0096e5   0x161  float_libsup.o [4]
  .near_func.text    ro code  0x009846    0xec  vreg_util.o [4]
  .near_func.text    ro code  0x009932    0xdb  xxmemxfree.o [4]
  .near_func.text    ro code  0x009a0d    0x94  xxmemxmalloc.o [4]
  .near_func.text    ro code  0x009aa1    0x72  long_util.o [4]
  .near_func.text    ro code  0x009b13    0x5f  xxmemxmalloc.o [4]
  Initializer bytes  const    0x009b72    0x56  <for P2-1>
  .near_func.text    ro code  0x009bc8    0x44  main.o [1]
  .near_func.text    ro code  0x009c0c    0x43  xprintffull.o [4]
  .near_func.text    ro code  0x009c4f    0x3f  xprintffull.o [4]
  .near_func.text    const    0x009c8e    0x3c  xprintffull.o [4]
  .near_func.text    ro code  0x009cca    0x37  short.o [4]
  .near_func.text    ro code  0x009d01    0x36  xprintffull.o [4]
  .near_func.text    ro code  0x009d37    0x33  xprintffull.o [4]
  .near_func.text    ro code  0x009d6a    0x33  xencoding_sb.o [4]
  .near_func.text    ro code  0x009d9d    0x30  div.o [4]
  .near_func.text    ro code  0x009dcd    0x2f  xprintffull.o [4]
  .near_func.text    ro code  0x009dfc    0x28  init_small.o [4]
  .near_func.text    ro code  0x009e24    0x25  memcpy.o [4]
  .near_func.text    ro code  0x009e49    0x21  xmbtowc.o [4]
  .iar.init_table    const    0x009e6a    0x12  - Linker created -
  .near_func.text    ro code  0x009e7c    0x20  printf.o [4]
  .near_func.text    ro code  0x009e9c    0x20  xprintffull.o [4]
  .near_func.text    ro code  0x009ebc    0x1f  dc_util.o [4]
  .near_func.text    ro code  0x009edb    0x1e  init_small.o [4]
  .near_func.text    ro code  0x009ef9    0x1c  xprintffull.o [4]
  .near_func.text    ro code  0x009f15    0x1c  xwctomb.o [4]
  .near_func.text    ro code  0x009f31    0x1b  xprout.o [4]
  .near_func.text    ro code  0x009f4c    0x19  xgetmemchunk.o [4]
  .near_func.text    ro code  0x009f65    0x18  memchr.o [4]
  .near_func.text    ro code  0x009f7d    0x18  xencoding_sb.o [4]
  .near_func.text    ro code  0x009f95    0x17  init.o [4]
  .near_func.text    ro code  0x009fac    0x16  uart.o [1]
  .near_func.text    ro code  0x009fc2    0x15  strchr.o [4]
  .near_func.text    ro code  0x009fd7    0x14  xprintffull.o [4]
  .near_func.text    ro code  0x009feb    0x14  xprintffull.o [4]
  .near_func.text    ro code  0x009fff    0x14  __dbg_xxexit.o [3]
  .near_func.text    ro code  0x00a013    0x13  sys.o [1]
  .near_func.text    ro code  0x00a026    0x13  cstartup.o [4]
  .near_func.text    ro code  0x00a039    0x12  strlen.o [4]
  .near.rodata       const    0x00a04b    0x11  main.o [1]
  .near_func.text    ro code  0x00a05c     0xe  xprintffull.o [4]
  .near.rodata       const    0x00a06a     0xd  main.o [1]
  .near_func.text    ro code  0x00a077     0xd  uart.o [1]
  .near_func.text    ro code  0x00a084     0xd  xprintffull.o [4]
  .near_func.text    ro code  0x00a091     0xd  move.o [4]
  .near_func.text    ro code  0x00a09e     0xd  localeconv.o [4]
  .near.rodata       const    0x00a0ab     0xc  main.o [1]
  .near.rodata       const    0x00a0b7     0xc  main.o [1]
  .near_func.text    ro code  0x00a0c3     0xc  xprintffull.o [4]
  .near_func.text    ro code  0x00a0cf     0xc  switch.o [4]
  .near_func.text    ro code  0x00a0db     0xc  setlocale.o [4]
  .near.rodata       const    0x00a0e7     0xb  main.o [1]
  .near_func.text    ro code  0x00a0f2     0xb  xprintffull.o [4]
  .near_func.text    ro code  0x00a0fd     0xb  xprintffull.o [4]
  .near_func.text    ro code  0x00a108     0xa  uart.o [1]
  .near_func.text    ro code  0x00a112     0xa  xprintffull.o [4]
  .near_func.text    ro code  0x00a11c     0xa  xprintffull.o [4]
  .near_func.text    ro code  0x00a126     0xa  xprintffull.o [4]
  .near_func.text    ro code  0x00a130     0x9  sys.o [1]
  .near_func.text    ro code  0x00a139     0x9  uart.o [1]
  .near_func.text    ro code  0x00a142     0x9  xprintffull.o [4]
  .near_func.text    ro code  0x00a14b     0x9  xprintffull.o [4]
  .near_func.text    ro code  0x00a154     0x9  xprintffull.o [4]
  .near_func.text    ro code  0x00a15d     0x9  xprintffull.o [4]
  .near_func.text    ro code  0x00a166     0x9  xprintffull.o [4]
  .near_func.text    ro code  0x00a16f     0x9  xprintffull.o [4]
  .near_func.text    ro code  0x00a178     0x9  xprintffull.o [4]
  .near_func.text    ro code  0x00a181     0x9  xprintffull.o [4]
  .near_func.text    ro code  0x00a18a     0x9  xprintffull.o [4]
  .near.rodata       const    0x00a193     0x8  xprintffull.o [4]
  .near.rodata       const    0x00a19b     0x8  xprintffull.o [4]
  .near.rodata       const    0x00a1a3     0x8  xencoding_sb.o [4]
  .near.rodata       const    0x00a1ab     0x8  xencoding_sb.o [4]
  .near_func.text    ro code  0x00a1b3     0x8  xprintffull.o [4]
  .near_func.text    ro code  0x00a1bb     0x8  xprintffull.o [4]
  .near_func.text    ro code  0x00a1c3     0x8  xprintffull.o [4]
  .near_func.text    ro code  0x00a1cb     0x8  xprintffull.o [4]
  .near_func.text    ro code  0x00a1d3     0x8  xxmemxmalloc.o [4]
  .near.rodata       const    0x00a1db     0x7  xprintffull.o [4]
  .near_func.text    ro code  0x00a1e2     0x7  xprintffull.o [4]
  .near_func.text    ro code  0x00a1e9     0x7  xprintffull.o [4]
  .near_func.text    ro code  0x00a1f0     0x7  xprintffull.o [4]
  .near_func.text    ro code  0x00a1f7     0x7  xprintffull.o [4]
  .near_func.text    ro code  0x00a1fe     0x7  xprintffull.o [4]
  .near_func.text    ro code  0x00a205     0x7  xxmemxmalloc.o [4]
  .near_func.text    ro code  0x00a20c     0x7  putchar.o [4]
  .near.rodata       const    0x00a213     0x6  localeconv.o [4]
  .near_func.text    ro code  0x00a219     0x6  xprintffull.o [4]
  .near_func.text    ro code  0x00a21f     0x6  xprintffull.o [4]
  .near_func.text    ro code  0x00a225     0x6  xprintffull.o [4]
  .near_func.text    ro code  0x00a22b     0x6  xprintffull.o [4]
  .near_func.text    ro code  0x00a231     0x6  xmbcurmax.o [4]
  .near.rodata       const    0x00a237     0x5  localeconv.o [4]
  .near_func.text    ro code  0x00a23c     0x5  xprintffull.o [4]
  .near_func.text    ro code  0x00a241     0x5  xprintffull.o [4]
  .near_func.text    ro code  0x00a246     0x5  xprintffull.o [4]
  .near_func.text    ro code  0x00a24b     0x5  xprintffull.o [4]
  .near_func.text    ro code  0x00a250     0x5  cexit.o [4]
  .near.rodata       const    0x00a255     0x4  xprintffull.o [4]
  .near.rodata       const    0x00a259     0x4  xprintffull.o [4]
  .near.rodata       const    0x00a25d     0x4  xprintffull.o [4]
  .near.rodata       const    0x00a261     0x4  xprintffull.o [4]
  .near_func.text    ro code  0x00a265     0x4  setlocale.o [4]
  .near_func.text    ro code  0x00a269     0x3  interrupt.o [4]
  .near_func.text    ro code  0x00a26c     0x3  low_level_init.o [4]
  .near_func.text    ro code  0x00a26f     0x3  exit.o [4]
  .near_func.text    ro code  0x00a272     0x3  unhandled_exception.o [4]
  .near.rodata       const    0x00a275     0x2  xprintffull.o [4]
  .near.rodata       const    0x00a277     0x2  localeconv.o [4]
  .near.rodata       const    0x00a279     0x1  localeconv.o [4]
  .near_func.text    ro code  0x00a27a     0x1  __dbg_break.o [3]
                            - 0x00a27b  0x21fb


*******************************************************************************
*** INIT TABLE
***

          Address   Size
          -------   ----
Zero (__iar_zero_init2)
    1 destination range, total size 0x68:
          0x000162  0x68

Copy (__iar_copy_init2)
    1 source range, total size 0x56:
          0x009b72  0x56
    1 destination range, total size 0x56:
          0x00000c  0x56



*******************************************************************************
*** MODULE SUMMARY
***

    Module                 ro code  ro data  rw data  rw data
                                                       (abs)
    ------                 -------  -------  -------  -------
E:\Desktop\STM8Project\uart\Debug\Obj: [1]
    main.o                      68       65
    sys.o                       28                          2
    uart.o                      54                          7
    ---------------------------------------------------------
    Total:                     150       65                 9

command line: [2]
    ---------------------------------------------------------
    Total:

dbgstm8smd.a: [3]
    __dbg_break.o                1
    __dbg_xxexit.o              20
    ---------------------------------------------------------
    Total:                      21

dlstm8smf.a: [4]
    cexit.o                      5
    cstartup.o                  19
    dc_util.o                   31
    div.o                       48
    exit.o                       3
    float.o                  1 120
    float_libsup.o             353
    init.o                      23
    init_small.o                70
    interrupt.o                  3      128
    localeconv.o                13       60       48
    long.o                     439
    long_util.o                114
    low_level_init.o             3
    memchr.o                    24
    memcpy.o                    37
    move.o                      13
    printf.o                    32
    putchar.o                    7
    setlocale.o                 16                16
    short.o                     55
    strchr.o                    21
    strlen.o                    18
    switch.o                    12
    unhandled_exception.o        3
    vreg_util.o                236
    vregs.o                                       12
    xencoding_sb.o              75       16
    xfiles.o                             40      120
    xgetmemchunk.o              25                 2
    xmbcurmax.o                  6
    xmbtowc.o                   33
    xprintffull.o            4 839      101
    xprout.o                    27
    xwctomb.o                   28
    xxmemxfree.o               219
    xxmemxmalloc.o             258                 4
    ---------------------------------------------------------
    Total:                   8 228      345      202

    Linker created                       18      512
-------------------------------------------------------------
    Grand Total:             8 399      428      714        9


*******************************************************************************
*** ENTRY LIST
***

Entry                    Address   Size  Type      Object
-----                    -------   ----  ----      ------
.iar.init_table$$Base   0x009e6a          --   Gb  - Linker created -
.iar.init_table$$Limit  0x009e7c          --   Gb  - Linker created -
?and32_l0_l0_0x         0x00952f         Code  Gb  long.o [4]
?and32_l0_l0_l1         0x00952c         Code  Gb  long.o [4]
?b0                     0x000000         Data  Gb  vregs.o [4]
?b1                     0x000001         Data  Gb  vregs.o [4]
?b10                    0x00000a         Data  Gb  vregs.o [4]
?b11                    0x00000b         Data  Gb  vregs.o [4]
?b2                     0x000002         Data  Gb  vregs.o [4]
?b3                     0x000003         Data  Gb  vregs.o [4]
?b4                     0x000004         Data  Gb  vregs.o [4]
?b5                     0x000005         Data  Gb  vregs.o [4]
?b6                     0x000006         Data  Gb  vregs.o [4]
?b7                     0x000007         Data  Gb  vregs.o [4]
?b8                     0x000008         Data  Gb  vregs.o [4]
?b9                     0x000009         Data  Gb  vregs.o [4]
?dc32_l1                0x009ec3         Code  Gb  dc_util.o [4]
?dc32_px                0x009ed0         Code  Gb  dc_util.o [4]
?dc8_px                 0x009ebc         Code  Gb  dc_util.o [4]
?e0                     0x000001         Data  Gb  vregs.o [4]
?e1                     0x000005         Data  Gb  vregs.o [4]
?e2                     0x000009         Data  Gb  vregs.o [4]
?epilogue_l2            0x0098b1         Code  Gb  vreg_util.o [4]
?epilogue_w4            0x0098b5         Code  Gb  vreg_util.o [4]
?fadd32_l0_l0_l1        0x008599         Code  Gb  float.o [4]
?fcastf32s32_l0_l0      0x008891         Code  Gb  float.o [4]
?fcastf32u32_l0_l0      0x00889c         Code  Gb  float.o [4]
?fcasts32f32_l0_l0      0x008830         Code  Gb  float.o [4]
?fcastu32f32_l0_l0      0x008819         Code  Gb  float.o [4]
?fcmpge32_c_l0_0x       0x0087ba         Code  Gb  float.o [4]
?fcmpge32_c_l0_dc32     0x0087b5         Code  Gb  float.o [4]
?fcmplt32_c_l0_0x       0x0087c3         Code  Gb  float.o [4]
?fcmplt32_c_l0_dc32     0x0087be         Code  Gb  float.o [4]
?fdiv32_l0_l0_l1        0x008707         Code  Gb  float.o [4]
?fmul32_l0_l0_dc32      0x008667         Code  Gb  float.o [4]
?fmul32_l0_l0_l1        0x00866c         Code  Gb  float.o [4]
?fsub32_l0_l0_l1        0x008593         Code  Gb  float.o [4]
?l0                     0x000000         Data  Gb  vregs.o [4]
?l1                     0x000004         Data  Gb  vregs.o [4]
?l2                     0x000008         Data  Gb  vregs.o [4]
?load32_0x_l0           0x009ae6         Code  Gb  long_util.o [4]
?load32_0x_l2           0x009b05         Code  Gb  long_util.o [4]
?load32_asp_l0          0x009ada         Code  Gb  long_util.o [4]
?load32_asp_l2          0x009af9         Code  Gb  long_util.o [4]
?load32_dbsp_l0         0x009ad5         Code  Gb  long_util.o [4]
?load32_dbsp_l2         0x009af4         Code  Gb  long_util.o [4]
?load32_l0_0x           0x009ab1         Code  Gb  long_util.o [4]
?load32_l0_asp          0x009aa6         Code  Gb  long_util.o [4]
?load32_l0_dbsp         0x009aa1         Code  Gb  long_util.o [4]
?load32_l0_xsp          0x009aa8         Code  Gb  long_util.o [4]
?load32_l1_0x           0x009abd         Code  Gb  long_util.o [4]
?load32_l2_0x           0x009ac9         Code  Gb  long_util.o [4]
?load32_xsp_l0          0x009adc         Code  Gb  long_util.o [4]
?load32_xsp_l2          0x009afb         Code  Gb  long_util.o [4]
?mov_e0_e1              0x0098f4         Code  Gb  vreg_util.o [4]
?mov_e0_e2              0x009901         Code  Gb  vreg_util.o [4]
?mov_e1_e0              0x00990e         Code  Gb  vreg_util.o [4]
?mov_e1_e2              0x00991b         Code  Gb  vreg_util.o [4]
?mov_e2_e0              0x009928         Code  Gb  vreg_util.o [4]
?mov_l0_l1              0x0098f1         Code  Gb  vreg_util.o [4]
?mov_l0_l2              0x0098fe         Code  Gb  vreg_util.o [4]
?mov_l1_l0              0x00990b         Code  Gb  vreg_util.o [4]
?mov_l1_l2              0x009918         Code  Gb  vreg_util.o [4]
?mov_l2_l0              0x009925         Code  Gb  vreg_util.o [4]
?mov_w0_w4              0x0098b9         Code  Gb  vreg_util.o [4]
?mov_w0_w5              0x0098c0         Code  Gb  vreg_util.o [4]
?mov_w1_w3              0x0098f7         Code  Gb  vreg_util.o [4]
?mov_w1_w4              0x0098c7         Code  Gb  vreg_util.o [4]
?mov_w1_w5              0x009904         Code  Gb  vreg_util.o [4]
?mov_w2_w0              0x0098ce         Code  Gb  vreg_util.o [4]
?mov_w2_w1              0x0098d5         Code  Gb  vreg_util.o [4]
?mov_w3_w1              0x009911         Code  Gb  vreg_util.o [4]
?mov_w3_w5              0x00991e         Code  Gb  vreg_util.o [4]
?mov_w4_w0              0x0098dc         Code  Gb  vreg_util.o [4]
?mov_w4_w1              0x0098e3         Code  Gb  vreg_util.o [4]
?mov_w5_w0              0x0098ea         Code  Gb  vreg_util.o [4]
?mov_w5_w1              0x00992b         Code  Gb  vreg_util.o [4]
?move1616_v_x_y_a       0x00a091         Code  Gb  move.o [4]
?mul16_x_x_w0           0x009cca         Code  Gb  short.o [4]
?mul32_l0_l0_0x         0x0093d0         Code  Gb  long.o [4]
?mul32_l0_l0_dl         0x0093cd         Code  Gb  long.o [4]
?mul32_l0_l0_l1         0x0093d9         Code  Gb  long.o [4]
?neg32_l0_l0            0x0093bd         Code  Gb  long.o [4]
?pop_l2                 0x00989e         Code  Gb  vreg_util.o [4]
?pop_w4                 0x009868         Code  Gb  vreg_util.o [4]
?push_l0                0x009877         Code  Gb  vreg_util.o [4]
?push_l2                0x00987c         Code  Gb  vreg_util.o [4]
?push_w0                0x009846         Code  Gb  vreg_util.o [4]
?push_w1                0x00984b         Code  Gb  vreg_util.o [4]
?push_w4                0x009850         Code  Gb  vreg_util.o [4]
?scmp32_c_l0_l1         0x009515         Code  Gb  long.o [4]
?sdiv16_x_x_y           0x009ce8         Code  Gb  short.o [4]
?sdiv32_l0_l0_dl        0x0094cc         Code  Gb  long.o [4]
?sdiv32_l0_l0_l1        0x0094cf         Code  Gb  long.o [4]
?sext32_l0_a            0x009567         Code  Gb  long.o [4]
?sext32_l0_x            0x00955c         Code  Gb  long.o [4]
?smod32_l1_l0_l1        0x0094cf         Code  Gb  long.o [4]
?sra32_0x_0x_a          0x00954e         Code  Gb  long.o [4]
?sra32_l0_l0_a          0x00954b         Code  Gb  long.o [4]
?sra32_l0_l0_db         0x009547         Code  Gb  long.o [4]
?switch8vlt_0x_a_0x     0x00a0cf         Code  Gb  switch.o [4]
?udiv32_l0_l0_dl        0x00945c         Code  Gb  long.o [4]
?udiv32_l0_l0_l1        0x00945f         Code  Gb  long.o [4]
?umod32_l1_l0_dl        0x009457         Code  Gb  long.o [4]
?umod32_l1_l0_l1        0x00945f         Code  Gb  long.o [4]
?w0                     0x000000         Data  Gb  vregs.o [4]
?w1                     0x000002         Data  Gb  vregs.o [4]
?w2                     0x000004         Data  Gb  vregs.o [4]
?w3                     0x000006         Data  Gb  vregs.o [4]
?w4                     0x000008         Data  Gb  vregs.o [4]
?w5                     0x00000a         Data  Gb  vregs.o [4]
CLK_SWR                 0x0050c4    0x1  Data  Gb  sys.o [1]
CLK_start               0x00a130    0x9  Code  Gb  sys.o [1]
CSTACK$$Base            0x001700          --   Gb  - Linker created -
CSTACK$$Limit           0x001800          --   Gb  - Linker created -
Delay_ms                0x00a013   0x13  Code  Gb  sys.o [1]
HEAP$$Base              0x000062          --   Gb  - Linker created -
HEAP$$Limit             0x000162          --   Gb  - Linker created -
INTVEC$$Base            0x008000          --   Gb  - Linker created -
INTVEC$$Limit           0x008080          --   Gb  - Linker created -
LoadInt                 0x009c4f   0x3f  Code  Lc  xprintffull.o [4]
Region$$Table$$Base     0x009e6a          --   Gb  - Linker created -
Region$$Table$$Limit    0x009e7c          --   Gb  - Linker created -
Transmit                0x00a139    0x9  Code  Gb  uart.o [1]
UART1                   0x00a077    0xd  Code  Gb  uart.o [1]
UART1_BRR1              0x005232    0x1  Data  Gb  uart.o [1]
UART1_BRR2              0x005233    0x1  Data  Gb  uart.o [1]
UART1_DR                0x005231    0x1  Data  Gb  uart.o [1]
UART1_init              0x009fac   0x16  Code  Gb  uart.o [1]
_A_CLK_SWCR             0x0050c5    0x1  Data  Gb  sys.o [1]
_A_UART1_CR1            0x005234    0x1  Data  Gb  uart.o [1]
_A_UART1_CR2            0x005235    0x1  Data  Gb  uart.o [1]
_A_UART1_CR3            0x005236    0x1  Data  Gb  uart.o [1]
_A_UART1_SR             0x005230    0x1  Data  Gb  uart.o [1]
_EncodingSb_Mbtowc      0x009d6a   0x33  Code  Gb  xencoding_sb.o [4]
_EncodingSb_Wctomb      0x009f7d   0x18  Code  Gb  xencoding_sb.o [4]
_GenldFull              0x008df9  0x385  Code  Lc  xprintffull.o [4]
_LdtobFull              0x0089d6  0x423  Code  Lc  xprintffull.o [4]
_LitobFull              0x009574  0x171  Code  Lc  xprintffull.o [4]
_LocaleEncoding         0x00a0db    0xc  Code  Gb  setlocale.o [4]
_Locale_Profile         0x0001b2    0xe  Data  Gb  setlocale.o [4]
_Locale_lconv           0x00000c   0x2e  Data  Gb  localeconv.o [4]
_Mbtowc                 0x009e49   0x21  Code  Gb  xmbtowc.o [4]
_PrintfFull             0x008080  0x4f6  Code  Gb  xprintffull.o [4]
_Prout                  0x009f31   0x1b  Code  Gb  xprout.o [4]
_PutcharFull            0x009dcd   0x2f  Code  Lc  xprintffull.o [4]
_PutcharsFull           0x009d37   0x33  Code  Lc  xprintffull.o [4]
_PutstrFull             0x00917e  0x23f  Code  Lc  xprintffull.o [4]
_Wctomb                 0x009f15   0x1c  Code  Gb  xwctomb.o [4]
__DebugBreak            0x00a27a    0x1  Code  Gb  __dbg_break.o [3]
__exit                  0x009fff   0x14  Code  Gb  __dbg_xxexit.o [3]
__iar_Dnorm             0x0096e5         Code  Gb  float_libsup.o [4]
__iar_Dscale            0x009773         Code  Gb  float_libsup.o [4]
__iar_Dunscale          0x009721         Code  Gb  float_libsup.o [4]
__iar_Mbcurmax          0x00a231    0x6  Code  Gb  xmbcurmax.o [4]
__iar_Memchr            0x009f65   0x18  Code  Gb  memchr.o [4]
__iar_Stdout            0x00003a   0x28  Data  Gb  xfiles.o [4]
__iar_Strchr            0x009fc2   0x15  Code  Gb  strchr.o [4]
__iar_Tls_setup__Locale_Profile
                        0x0001c6    0x2  Data  Gb  setlocale.o [4]
__iar_Tls_setup__Locale_lconv
                        0x0001c4    0x2  Data  Gb  localeconv.o [4]
__iar_copy_init2        0x009dfc         Code  Gb  init_small.o [4]
__iar_data_init2        0x009f95   0x17  Code  Gb  init.o [4]
__iar_program_start     0x00a026         Code  Gb  cstartup.o [4]
__iar_unhandled_exception
                        0x00a272         Code  Gb  unhandled_exception.o [4]
__iar_zero_init2        0x009edb         Code  Gb  init_small.o [4]
__intvec                0x008000         Data  Gb  interrupt.o [4]
__low_level_init        0x00a26c    0x3  Code  Gb  low_level_init.o [4]
__near_Aldata           0x0001c0    0x4  Data  Gb  xxmemxmalloc.o [4]
__near_GetMemChunk      0x009f4c   0x19  Code  Gb  xgetmemchunk.o [4]
__near_findmem          0x009b13   0x5f  Code  Lc  xxmemxmalloc.o [4]
_exit                   0x00a250         Code  Gb  cexit.o [4]
_interrupt_20           0x00a077         Code  Gb  uart.o [1]
div                     0x009d9d   0x30  Code  Gb  div.o [4]
exit                    0x00a26f    0x3  Code  Gb  exit.o [4]
fputc                   0x00a108    0xa  Code  Gb  uart.o [1]
free                    0x009932   0xdb  Code  Gb  xxmemxfree.o [4]
localeconv              0x00a09e    0xd  Code  Gb  localeconv.o [4]
main                    0x009bc8   0x44  Code  Gb  main.o [1]
malloc                  0x009a0d   0x94  Code  Gb  xxmemxmalloc.o [4]
memcpy                  0x009e24   0x25  Code  Gb  memcpy.o [4]
obuf                    0x000162   0x50  Data  Lc  xfiles.o [4]
pad                     0x009d01   0x36  Code  Lc  xprintffull.o [4]
printf                  0x009e7c   0x20  Code  Gb  printf.o [4]
putchar                 0x00a20c    0x7  Code  Gb  putchar.o [4]
scale                   0x009c0c   0x43  Code  Lc  xprintffull.o [4]
strlen                  0x00a039   0x12  Code  Gb  strlen.o [4]


[1] = E:\Desktop\STM8Project\uart\Debug\Obj
[2] = command line
[3] = dbgstm8smd.a
[4] = dlstm8smf.a

  8 399 bytes of readonly  code memory
    428 bytes of readonly  data memory
    714 bytes of readwrite data memory (+ 9 absolute)

Errors: none
Warnings: none
