###############################################################################
#
# IAR ELF Linker V2.20.1.176 for STM8                     11/Feb/2018  11:18:43
# Copyright 2010-2015 IAR Systems AB.
#
#    Output file  =  E:\Desktop\STM8Project\can\Debug\Exe\can.out
#    Map file     =  E:\Desktop\STM8Project\can\Debug\List\can.map
#    Command line =  
#        E:\Desktop\STM8Project\can\Debug\Obj\main.o
#        E:\Desktop\STM8Project\can\Debug\Obj\sys.o
#        E:\Desktop\STM8Project\can\Debug\Obj\uart.o --redirect
#        _Printf=_PrintfFull --redirect _Scanf=_ScanfFullNoMb -o
#        E:\Desktop\STM8Project\can\Debug\Exe\can.out --map
#        E:\Desktop\STM8Project\can\Debug\List\can.map --config "C:\Program
#        Files (x86)\IAR Systems\Embedded Workbench
#        7.3\stm8\config\lnkstm8s208rb.icf" --config_def _CSTACK_SIZE=0x100
#        --config_def _HEAP_SIZE=0x100 --entry __iar_program_start --debug_lib
#
###############################################################################

*******************************************************************************
*** RUNTIME MODEL ATTRIBUTES
***

__Heap_Handler             = Basic
__SystemLibrary            = DLib
__code_model               = small
__core                     = stm8
__data_model               = medium
__dlib_file_descriptor     = 1
__dlib_full_locale_support = 1
__rt_version               = 4


*******************************************************************************
*** PLACEMENT SUMMARY
***

"A1":  place at start of [0x000000-0x0000ff] { rw section .vregs };
"A2":  place at end of [0x000000-0x0017ff] { block CSTACK };
"P2":  place in [from 0x000000 to 0x0017ff] {
          block HEAP, rw section __DLIB_PERTHREAD, rw section .far.bss,
          rw section .far.data, rw section .far.noinit,
          rw section .far_func.textrw, rw section .huge.bss,
          rw section .huge.data, rw section .huge.noinit,
          rw section .huge_func.textrw, rw section .iar.dynexit,
          rw section .near.bss, rw section .near.data, rw section .near.noinit,
          rw section .near_func.textrw };
"A3":  place at start of [0x008000-0x00ffff] { block INTVEC };
"P3":  place in [from 0x008000 to 0x00ffff] {
          ro section __DLIB_PERTHREAD_init, ro section .far.data_init,
          ro section .far_func.textrw_init, ro section .huge.data_init,
          ro section .huge_func.textrw_init, ro section .iar.init_table,
          ro section .init_array, ro section .near.data_init,
          ro section .near.rodata, ro section .near_func.text,
          ro section .near_func.textrw_init, ro section .tiny.data_init,
          ro section .tiny.rodata_init };

  Section            Kind      Address    Size  Object
  -------            ----      -------    ----  ------
"A1":                                      0xc
  .vregs             uninit   0x000000     0xc  vregs.o [4]
                            - 0x00000c     0xc

"P2", part 1 of 3:                        0x56
  P2-1                        0x00000c    0x56  <Init block>
    .near.data       inited   0x00000c    0x2e  localeconv.o [4]
    .near.data       inited   0x00003a    0x28  xfiles.o [4]
                            - 0x000062    0x56

"P2", part 2 of 3:                       0x100
  HEAP                        0x000062   0x100  <Block>
    HEAP             uninit   0x000062   0x100  <Block tail>
                            - 0x000162   0x100

"P2", part 3 of 3:                        0x74
  .near.bss          zero     0x000162    0x50  xfiles.o [4]
  .near.bss          zero     0x0001b2     0xe  setlocale.o [4]
  .near.bss          zero     0x0001c0     0xc  main.o [1]
  .near.bss          zero     0x0001cc     0x4  xxmemxmalloc.o [4]
  .near.bss          zero     0x0001d0     0x2  localeconv.o [4]
  .near.bss          zero     0x0001d2     0x2  setlocale.o [4]
  .near.bss          zero     0x0001d4     0x2  xgetmemchunk.o [4]
                            - 0x0001d6    0x74

"A2":                                    0x100
  CSTACK                      0x001700   0x100  <Block>
    CSTACK           uninit   0x001700   0x100  <Block tail>
                            - 0x001800   0x100

Absolute sections, part 1 of 6:            0x3
  .near.noinit       uninit   0x005020     0x1  main.o [1]
  .near.noinit       uninit   0x005021     0x1  main.o [1]
  .near.noinit       uninit   0x005022     0x1  main.o [1]
                            - 0x005023     0x3

Absolute sections, part 2 of 6:            0x2
  .near.noinit       uninit   0x0050c4     0x1  sys.o [1]
  .near.noinit       uninit   0x0050c5     0x1  sys.o [1]
                            - 0x0050c6     0x2

Absolute sections, part 3 of 6:            0x7
  .near.noinit       uninit   0x005230     0x1  uart.o [1]
  .near.noinit       uninit   0x005231     0x1  uart.o [1]
  .near.noinit       uninit   0x005232     0x1  uart.o [1]
  .near.noinit       uninit   0x005233     0x1  uart.o [1]
  .near.noinit       uninit   0x005234     0x1  uart.o [1]
  .near.noinit       uninit   0x005235     0x1  uart.o [1]
  .near.noinit       uninit   0x005236     0x1  uart.o [1]
                            - 0x005237     0x7

Absolute sections, part 4 of 6:            0x2
  .near.noinit       uninit   0x005420     0x1  main.o [1]
  .near.noinit       uninit   0x005421     0x1  main.o [1]
                            - 0x005422     0x2

Absolute sections, part 5 of 6:            0x1
  .near.noinit       uninit   0x005424     0x1  main.o [1]
                            - 0x005425     0x1

Absolute sections, part 6 of 6:           0x10
  .near.noinit       uninit   0x005426     0x1  main.o [1]
  .near.noinit       uninit   0x005427     0x1  main.o [1]
  .near.noinit       uninit   0x005428     0x1  main.o [1]
  .near.noinit       uninit   0x005429     0x1  main.o [1]
  .near.noinit       uninit   0x00542a     0x1  main.o [1]
  .near.noinit       uninit   0x00542b     0x1  main.o [1]
  .near.noinit       uninit   0x00542c     0x1  main.o [1]
  .near.noinit       uninit   0x00542d     0x1  main.o [1]
  .near.noinit       uninit   0x00542e     0x1  main.o [1]
  .near.noinit       uninit   0x00542f     0x1  main.o [1]
  .near.noinit       uninit   0x005430     0x1  main.o [1]
  .near.noinit       uninit   0x005431     0x1  main.o [1]
  .near.noinit       uninit   0x005432     0x1  main.o [1]
  .near.noinit       uninit   0x005433     0x1  main.o [1]
  .near.noinit       uninit   0x005434     0x1  main.o [1]
  .near.noinit       uninit   0x005435     0x1  main.o [1]
                            - 0x005436    0x10

"A3":                                     0x80
  INTVEC                      0x008000    0x80  <Block>
    .intvec          const    0x008000    0x80  interrupt.o [4]
                            - 0x008080    0x80

"P3":                                   0x242d
  .near_func.text    ro code  0x008080   0x4f6  xprintffull.o [4]
  .near_func.text    ro code  0x008576   0x460  float.o [4]
  .near_func.text    ro code  0x0089d6   0x423  xprintffull.o [4]
  .near_func.text    ro code  0x008df9   0x385  xprintffull.o [4]
  .near_func.text    ro code  0x00917e   0x23f  xprintffull.o [4]
  .near_func.text    ro code  0x0093bd   0x1b7  long.o [4]
  .near_func.text    ro code  0x009574   0x171  xprintffull.o [4]
  .near_func.text    ro code  0x0096e5   0x161  float_libsup.o [4]
  .near_func.text    ro code  0x009846   0x107  vreg_util.o [4]
  .near_func.text    ro code  0x00994d    0xdb  xxmemxfree.o [4]
  .near_func.text    ro code  0x009a28    0xbc  main.o [1]
  .near_func.text    ro code  0x009ae4    0x94  xxmemxmalloc.o [4]
  .near_func.text    ro code  0x009b78    0x8a  main.o [1]
  .near_func.text    ro code  0x009c02    0x72  long_util.o [4]
  .near_func.text    ro code  0x009c74    0x5f  xxmemxmalloc.o [4]
  Initializer bytes  const    0x009cd3    0x56  <for P2-1>
  .near_func.text    ro code  0x009d29    0x48  main.o [1]
  .near_func.text    ro code  0x009d71    0x46  main.o [1]
  .near_func.text    ro code  0x009db7    0x43  xprintffull.o [4]
  .near.rodata       const    0x009dfa    0x42  main.o [1]
  .near_func.text    ro code  0x009e3c    0x3f  xprintffull.o [4]
  .near_func.text    const    0x009e7b    0x3c  xprintffull.o [4]
  .near.rodata       const    0x009eb7    0x3b  main.o [1]
  .near_func.text    ro code  0x009ef2    0x37  short.o [4]
  .near_func.text    ro code  0x009f29    0x36  xprintffull.o [4]
  .near_func.text    ro code  0x009f5f    0x33  xprintffull.o [4]
  .near_func.text    ro code  0x009f92    0x33  xencoding_sb.o [4]
  .near_func.text    ro code  0x009fc5    0x30  div.o [4]
  .near_func.text    ro code  0x009ff5    0x2f  xprintffull.o [4]
  .near_func.text    ro code  0x00a024    0x28  init_small.o [4]
  .near_func.text    ro code  0x00a04c    0x25  memcpy.o [4]
  .near_func.text    ro code  0x00a071    0x23  main.o [1]
  .near_func.text    ro code  0x00a094    0x21  xmbtowc.o [4]
  .iar.init_table    const    0x00a0b5    0x12  - Linker created -
  .near_func.text    ro code  0x00a0c7    0x20  printf.o [4]
  .near_func.text    ro code  0x00a0e7    0x20  xprintffull.o [4]
  .near_func.text    ro code  0x00a107    0x1f  dc_util.o [4]
  .near_func.text    ro code  0x00a126    0x1e  init_small.o [4]
  .near_func.text    ro code  0x00a144    0x1c  xprintffull.o [4]
  .near_func.text    ro code  0x00a160    0x1c  xwctomb.o [4]
  .near_func.text    ro code  0x00a17c    0x1b  xprout.o [4]
  .near_func.text    ro code  0x00a197    0x19  xgetmemchunk.o [4]
  .near_func.text    ro code  0x00a1b0    0x18  memchr.o [4]
  .near_func.text    ro code  0x00a1c8    0x18  xencoding_sb.o [4]
  .near_func.text    ro code  0x00a1e0    0x17  init.o [4]
  .near_func.text    ro code  0x00a1f7    0x16  uart.o [1]
  .near_func.text    ro code  0x00a20d    0x15  strchr.o [4]
  .near_func.text    ro code  0x00a222    0x14  xprintffull.o [4]
  .near_func.text    ro code  0x00a236    0x14  xprintffull.o [4]
  .near_func.text    ro code  0x00a24a    0x14  __dbg_xxexit.o [3]
  .near_func.text    ro code  0x00a25e    0x13  sys.o [1]
  .near_func.text    ro code  0x00a271    0x13  cstartup.o [4]
  .near_func.text    ro code  0x00a284    0x12  strlen.o [4]
  .near.rodata       const    0x00a296    0x10  main.o [1]
  .near_func.text    ro code  0x00a2a6     0xe  xprintffull.o [4]
  .near_func.text    ro code  0x00a2b4     0xd  main.o [1]
  .near_func.text    ro code  0x00a2c1     0xd  uart.o [1]
  .near_func.text    ro code  0x00a2ce     0xd  xprintffull.o [4]
  .near_func.text    ro code  0x00a2db     0xd  move.o [4]
  .near_func.text    ro code  0x00a2e8     0xd  localeconv.o [4]
  .near_func.text    ro code  0x00a2f5     0xc  xprintffull.o [4]
  .near_func.text    ro code  0x00a301     0xc  switch.o [4]
  .near_func.text    ro code  0x00a30d     0xc  setlocale.o [4]
  .near_func.text    ro code  0x00a319     0xb  xprintffull.o [4]
  .near_func.text    ro code  0x00a324     0xb  xprintffull.o [4]
  .near_func.text    ro code  0x00a32f     0xa  uart.o [1]
  .near_func.text    ro code  0x00a339     0xa  xprintffull.o [4]
  .near_func.text    ro code  0x00a343     0xa  xprintffull.o [4]
  .near_func.text    ro code  0x00a34d     0xa  xprintffull.o [4]
  .near_func.text    ro code  0x00a357     0x9  sys.o [1]
  .near_func.text    ro code  0x00a360     0x9  uart.o [1]
  .near_func.text    ro code  0x00a369     0x9  xprintffull.o [4]
  .near_func.text    ro code  0x00a372     0x9  xprintffull.o [4]
  .near_func.text    ro code  0x00a37b     0x9  xprintffull.o [4]
  .near_func.text    ro code  0x00a384     0x9  xprintffull.o [4]
  .near_func.text    ro code  0x00a38d     0x9  xprintffull.o [4]
  .near_func.text    ro code  0x00a396     0x9  xprintffull.o [4]
  .near_func.text    ro code  0x00a39f     0x9  xprintffull.o [4]
  .near_func.text    ro code  0x00a3a8     0x9  xprintffull.o [4]
  .near_func.text    ro code  0x00a3b1     0x9  xprintffull.o [4]
  .near.rodata       const    0x00a3ba     0x8  xprintffull.o [4]
  .near.rodata       const    0x00a3c2     0x8  xprintffull.o [4]
  .near.rodata       const    0x00a3ca     0x8  xencoding_sb.o [4]
  .near.rodata       const    0x00a3d2     0x8  xencoding_sb.o [4]
  .near_func.text    ro code  0x00a3da     0x8  sys.o [1]
  .near_func.text    ro code  0x00a3e2     0x8  xprintffull.o [4]
  .near_func.text    ro code  0x00a3ea     0x8  xprintffull.o [4]
  .near_func.text    ro code  0x00a3f2     0x8  xprintffull.o [4]
  .near_func.text    ro code  0x00a3fa     0x8  xprintffull.o [4]
  .near_func.text    ro code  0x00a402     0x8  xxmemxmalloc.o [4]
  .near.rodata       const    0x00a40a     0x7  xprintffull.o [4]
  .near_func.text    ro code  0x00a411     0x7  xprintffull.o [4]
  .near_func.text    ro code  0x00a418     0x7  xprintffull.o [4]
  .near_func.text    ro code  0x00a41f     0x7  xprintffull.o [4]
  .near_func.text    ro code  0x00a426     0x7  xprintffull.o [4]
  .near_func.text    ro code  0x00a42d     0x7  xprintffull.o [4]
  .near_func.text    ro code  0x00a434     0x7  xxmemxmalloc.o [4]
  .near_func.text    ro code  0x00a43b     0x7  putchar.o [4]
  .near.rodata       const    0x00a442     0x6  localeconv.o [4]
  .near_func.text    ro code  0x00a448     0x6  xprintffull.o [4]
  .near_func.text    ro code  0x00a44e     0x6  xprintffull.o [4]
  .near_func.text    ro code  0x00a454     0x6  xprintffull.o [4]
  .near_func.text    ro code  0x00a45a     0x6  xprintffull.o [4]
  .near_func.text    ro code  0x00a460     0x6  xmbcurmax.o [4]
  .near.rodata       const    0x00a466     0x5  localeconv.o [4]
  .near_func.text    ro code  0x00a46b     0x5  xprintffull.o [4]
  .near_func.text    ro code  0x00a470     0x5  xprintffull.o [4]
  .near_func.text    ro code  0x00a475     0x5  xprintffull.o [4]
  .near_func.text    ro code  0x00a47a     0x5  xprintffull.o [4]
  .near_func.text    ro code  0x00a47f     0x5  cexit.o [4]
  .near.rodata       const    0x00a484     0x4  xprintffull.o [4]
  .near.rodata       const    0x00a488     0x4  xprintffull.o [4]
  .near.rodata       const    0x00a48c     0x4  xprintffull.o [4]
  .near.rodata       const    0x00a490     0x4  xprintffull.o [4]
  .near_func.text    ro code  0x00a494     0x4  setlocale.o [4]
  .near.rodata       const    0x00a498     0x3  main.o [1]
  .near_func.text    ro code  0x00a49b     0x3  interrupt.o [4]
  .near_func.text    ro code  0x00a49e     0x3  low_level_init.o [4]
  .near_func.text    ro code  0x00a4a1     0x3  exit.o [4]
  .near_func.text    ro code  0x00a4a4     0x3  unhandled_exception.o [4]
  .near.rodata       const    0x00a4a7     0x2  xprintffull.o [4]
  .near.rodata       const    0x00a4a9     0x2  localeconv.o [4]
  .near.rodata       const    0x00a4ab     0x1  localeconv.o [4]
  .near_func.text    ro code  0x00a4ac     0x1  __dbg_break.o [3]
                            - 0x00a4ad  0x242d


*******************************************************************************
*** INIT TABLE
***

          Address   Size
          -------   ----
Zero (__iar_zero_init2)
    1 destination range, total size 0x74:
          0x000162  0x74

Copy (__iar_copy_init2)
    1 source range, total size 0x56:
          0x009cd3  0x56
    1 destination range, total size 0x56:
          0x00000c  0x56



*******************************************************************************
*** MODULE SUMMARY
***

    Module                 ro code  ro data  rw data  rw data
                                                       (abs)
    ------                 -------  -------  -------  -------
E:\Desktop\STM8Project\can\Debug\Obj: [1]
    main.o                     516      144       12       22
    sys.o                       36                          2
    uart.o                      54                          7
    ---------------------------------------------------------
    Total:                     606      144       12       31

command line: [2]
    ---------------------------------------------------------
    Total:

dbgstm8smd.a: [3]
    __dbg_break.o                1
    __dbg_xxexit.o              20
    ---------------------------------------------------------
    Total:                      21

dlstm8smf.a: [4]
    cexit.o                      5
    cstartup.o                  19
    dc_util.o                   31
    div.o                       48
    exit.o                       3
    float.o                  1 120
    float_libsup.o             353
    init.o                      23
    init_small.o                70
    interrupt.o                  3      128
    localeconv.o                13       60       48
    long.o                     439
    long_util.o                114
    low_level_init.o             3
    memchr.o                    24
    memcpy.o                    37
    move.o                      13
    printf.o                    32
    putchar.o                    7
    setlocale.o                 16                16
    short.o                     55
    strchr.o                    21
    strlen.o                    18
    switch.o                    12
    unhandled_exception.o        3
    vreg_util.o                263
    vregs.o                                       12
    xencoding_sb.o              75       16
    xfiles.o                             40      120
    xgetmemchunk.o              25                 2
    xmbcurmax.o                  6
    xmbtowc.o                   33
    xprintffull.o            4 839      101
    xprout.o                    27
    xwctomb.o                   28
    xxmemxfree.o               219
    xxmemxmalloc.o             258                 4
    ---------------------------------------------------------
    Total:                   8 255      345      202

    Linker created                       18      512
-------------------------------------------------------------
    Grand Total:             8 882      507      726       31


*******************************************************************************
*** ENTRY LIST
***

Entry                    Address   Size  Type      Object
-----                    -------   ----  ----      ------
.iar.init_table$$Base   0x00a0b5          --   Gb  - Linker created -
.iar.init_table$$Limit  0x00a0c7          --   Gb  - Linker created -
?and32_l0_l0_0x         0x00952f         Code  Gb  long.o [4]
?and32_l0_l0_l1         0x00952c         Code  Gb  long.o [4]
?b0                     0x000000         Data  Gb  vregs.o [4]
?b1                     0x000001         Data  Gb  vregs.o [4]
?b10                    0x00000a         Data  Gb  vregs.o [4]
?b11                    0x00000b         Data  Gb  vregs.o [4]
?b2                     0x000002         Data  Gb  vregs.o [4]
?b3                     0x000003         Data  Gb  vregs.o [4]
?b4                     0x000004         Data  Gb  vregs.o [4]
?b5                     0x000005         Data  Gb  vregs.o [4]
?b6                     0x000006         Data  Gb  vregs.o [4]
?b7                     0x000007         Data  Gb  vregs.o [4]
?b8                     0x000008         Data  Gb  vregs.o [4]
?b9                     0x000009         Data  Gb  vregs.o [4]
?dc32_l1                0x00a10e         Code  Gb  dc_util.o [4]
?dc32_px                0x00a11b         Code  Gb  dc_util.o [4]
?dc8_px                 0x00a107         Code  Gb  dc_util.o [4]
?e0                     0x000001         Data  Gb  vregs.o [4]
?e1                     0x000005         Data  Gb  vregs.o [4]
?e2                     0x000009         Data  Gb  vregs.o [4]
?epilogue_l2            0x0098cc         Code  Gb  vreg_util.o [4]
?epilogue_w4            0x0098d0         Code  Gb  vreg_util.o [4]
?fadd32_l0_l0_l1        0x008599         Code  Gb  float.o [4]
?fcastf32s32_l0_l0      0x008891         Code  Gb  float.o [4]
?fcastf32u32_l0_l0      0x00889c         Code  Gb  float.o [4]
?fcasts32f32_l0_l0      0x008830         Code  Gb  float.o [4]
?fcastu32f32_l0_l0      0x008819         Code  Gb  float.o [4]
?fcmpge32_c_l0_0x       0x0087ba         Code  Gb  float.o [4]
?fcmpge32_c_l0_dc32     0x0087b5         Code  Gb  float.o [4]
?fcmplt32_c_l0_0x       0x0087c3         Code  Gb  float.o [4]
?fcmplt32_c_l0_dc32     0x0087be         Code  Gb  float.o [4]
?fdiv32_l0_l0_l1        0x008707         Code  Gb  float.o [4]
?fmul32_l0_l0_dc32      0x008667         Code  Gb  float.o [4]
?fmul32_l0_l0_l1        0x00866c         Code  Gb  float.o [4]
?fsub32_l0_l0_l1        0x008593         Code  Gb  float.o [4]
?l0                     0x000000         Data  Gb  vregs.o [4]
?l1                     0x000004         Data  Gb  vregs.o [4]
?l2                     0x000008         Data  Gb  vregs.o [4]
?load32_0x_l0           0x009c47         Code  Gb  long_util.o [4]
?load32_0x_l2           0x009c66         Code  Gb  long_util.o [4]
?load32_asp_l0          0x009c3b         Code  Gb  long_util.o [4]
?load32_asp_l2          0x009c5a         Code  Gb  long_util.o [4]
?load32_dbsp_l0         0x009c36         Code  Gb  long_util.o [4]
?load32_dbsp_l2         0x009c55         Code  Gb  long_util.o [4]
?load32_l0_0x           0x009c12         Code  Gb  long_util.o [4]
?load32_l0_asp          0x009c07         Code  Gb  long_util.o [4]
?load32_l0_dbsp         0x009c02         Code  Gb  long_util.o [4]
?load32_l0_xsp          0x009c09         Code  Gb  long_util.o [4]
?load32_l1_0x           0x009c1e         Code  Gb  long_util.o [4]
?load32_l2_0x           0x009c2a         Code  Gb  long_util.o [4]
?load32_xsp_l0          0x009c3d         Code  Gb  long_util.o [4]
?load32_xsp_l2          0x009c5c         Code  Gb  long_util.o [4]
?mov_e0_e1              0x00990f         Code  Gb  vreg_util.o [4]
?mov_e0_e2              0x00991c         Code  Gb  vreg_util.o [4]
?mov_e1_e0              0x009929         Code  Gb  vreg_util.o [4]
?mov_e1_e2              0x009936         Code  Gb  vreg_util.o [4]
?mov_e2_e0              0x009943         Code  Gb  vreg_util.o [4]
?mov_l0_l1              0x00990c         Code  Gb  vreg_util.o [4]
?mov_l0_l2              0x009919         Code  Gb  vreg_util.o [4]
?mov_l1_l0              0x009926         Code  Gb  vreg_util.o [4]
?mov_l1_l2              0x009933         Code  Gb  vreg_util.o [4]
?mov_l2_l0              0x009940         Code  Gb  vreg_util.o [4]
?mov_w0_w4              0x0098d4         Code  Gb  vreg_util.o [4]
?mov_w0_w5              0x0098db         Code  Gb  vreg_util.o [4]
?mov_w1_w3              0x009912         Code  Gb  vreg_util.o [4]
?mov_w1_w4              0x0098e2         Code  Gb  vreg_util.o [4]
?mov_w1_w5              0x00991f         Code  Gb  vreg_util.o [4]
?mov_w2_w0              0x0098e9         Code  Gb  vreg_util.o [4]
?mov_w2_w1              0x0098f0         Code  Gb  vreg_util.o [4]
?mov_w3_w1              0x00992c         Code  Gb  vreg_util.o [4]
?mov_w3_w5              0x009939         Code  Gb  vreg_util.o [4]
?mov_w4_w0              0x0098f7         Code  Gb  vreg_util.o [4]
?mov_w4_w1              0x0098fe         Code  Gb  vreg_util.o [4]
?mov_w5_w0              0x009905         Code  Gb  vreg_util.o [4]
?mov_w5_w1              0x009946         Code  Gb  vreg_util.o [4]
?move1616_v_x_y_a       0x00a2db         Code  Gb  move.o [4]
?mul16_x_x_w0           0x009ef2         Code  Gb  short.o [4]
?mul32_l0_l0_0x         0x0093d0         Code  Gb  long.o [4]
?mul32_l0_l0_dl         0x0093cd         Code  Gb  long.o [4]
?mul32_l0_l0_l1         0x0093d9         Code  Gb  long.o [4]
?neg32_l0_l0            0x0093bd         Code  Gb  long.o [4]
?pop_l0                 0x0098a3         Code  Gb  vreg_util.o [4]
?pop_l1                 0x0098ae         Code  Gb  vreg_util.o [4]
?pop_l2                 0x0098b9         Code  Gb  vreg_util.o [4]
?pop_w4                 0x009868         Code  Gb  vreg_util.o [4]
?push_l0                0x009877         Code  Gb  vreg_util.o [4]
?push_l1                0x00987c         Code  Gb  vreg_util.o [4]
?push_l2                0x009881         Code  Gb  vreg_util.o [4]
?push_w0                0x009846         Code  Gb  vreg_util.o [4]
?push_w1                0x00984b         Code  Gb  vreg_util.o [4]
?push_w4                0x009850         Code  Gb  vreg_util.o [4]
?scmp32_c_l0_l1         0x009515         Code  Gb  long.o [4]
?sdiv16_x_x_y           0x009f10         Code  Gb  short.o [4]
?sdiv32_l0_l0_dl        0x0094cc         Code  Gb  long.o [4]
?sdiv32_l0_l0_l1        0x0094cf         Code  Gb  long.o [4]
?sext32_l0_a            0x009567         Code  Gb  long.o [4]
?sext32_l0_x            0x00955c         Code  Gb  long.o [4]
?smod32_l1_l0_l1        0x0094cf         Code  Gb  long.o [4]
?sra32_0x_0x_a          0x00954e         Code  Gb  long.o [4]
?sra32_l0_l0_a          0x00954b         Code  Gb  long.o [4]
?sra32_l0_l0_db         0x009547         Code  Gb  long.o [4]
?switch8vlt_0x_a_0x     0x00a301         Code  Gb  switch.o [4]
?udiv32_l0_l0_dl        0x00945c         Code  Gb  long.o [4]
?udiv32_l0_l0_l1        0x00945f         Code  Gb  long.o [4]
?umod32_l1_l0_dl        0x009457         Code  Gb  long.o [4]
?umod32_l1_l0_l1        0x00945f         Code  Gb  long.o [4]
?w0                     0x000000         Data  Gb  vregs.o [4]
?w1                     0x000002         Data  Gb  vregs.o [4]
?w2                     0x000004         Data  Gb  vregs.o [4]
?w3                     0x000006         Data  Gb  vregs.o [4]
?w4                     0x000008         Data  Gb  vregs.o [4]
?w5                     0x00000a         Data  Gb  vregs.o [4]
CAN                     0x00a071   0x23  Code  Gb  main.o [1]
CAN_FPSR                0x005427    0x1  Data  Gb  main.o [1]
CAN_P0                  0x005428    0x1  Data  Gb  main.o [1]
CAN_P1                  0x005429    0x1  Data  Gb  main.o [1]
CAN_P2                  0x00542a    0x1  Data  Gb  main.o [1]
CAN_P3                  0x00542b    0x1  Data  Gb  main.o [1]
CAN_P4                  0x00542c    0x1  Data  Gb  main.o [1]
CAN_P5                  0x00542d    0x1  Data  Gb  main.o [1]
CAN_P6                  0x00542e    0x1  Data  Gb  main.o [1]
CAN_P7                  0x00542f    0x1  Data  Gb  main.o [1]
CAN_P8                  0x005430    0x1  Data  Gb  main.o [1]
CAN_P9                  0x005431    0x1  Data  Gb  main.o [1]
CAN_PA                  0x005432    0x1  Data  Gb  main.o [1]
CAN_PB                  0x005433    0x1  Data  Gb  main.o [1]
CAN_PC                  0x005434    0x1  Data  Gb  main.o [1]
CAN_PD                  0x005435    0x1  Data  Gb  main.o [1]
CLK_SWR                 0x0050c4    0x1  Data  Gb  sys.o [1]
CLK_start               0x00a357    0x9  Code  Gb  sys.o [1]
CSTACK$$Base            0x001700          --   Gb  - Linker created -
CSTACK$$Limit           0x001800          --   Gb  - Linker created -
Delay_ms                0x00a25e   0x13  Code  Gb  sys.o [1]
Delay_us                0x00a3da    0x8  Code  Gb  sys.o [1]
HEAP$$Base              0x000062          --   Gb  - Linker created -
HEAP$$Limit             0x000162          --   Gb  - Linker created -
INTVEC$$Base            0x008000          --   Gb  - Linker created -
INTVEC$$Limit           0x008080          --   Gb  - Linker created -
LoadInt                 0x009e3c   0x3f  Code  Lc  xprintffull.o [4]
Region$$Table$$Base     0x00a0b5          --   Gb  - Linker created -
Region$$Table$$Limit    0x00a0c7          --   Gb  - Linker created -
Transmit                0x00a360    0x9  Code  Gb  uart.o [1]
UART1                   0x00a2c1    0xd  Code  Gb  uart.o [1]
UART1_BRR1              0x005232    0x1  Data  Gb  uart.o [1]
UART1_BRR2              0x005233    0x1  Data  Gb  uart.o [1]
UART1_DR                0x005231    0x1  Data  Gb  uart.o [1]
UART1_init              0x00a1f7   0x16  Code  Gb  uart.o [1]
_A_CAN_DGR              0x005426    0x1  Data  Gb  main.o [1]
_A_CAN_MCR              0x005420    0x1  Data  Gb  main.o [1]
_A_CAN_MSR              0x005421    0x1  Data  Gb  main.o [1]
_A_CAN_RFR              0x005424    0x1  Data  Gb  main.o [1]
_A_CLK_SWCR             0x0050c5    0x1  Data  Gb  sys.o [1]
_A_PG_CR1               0x005021    0x1  Data  Gb  main.o [1]
_A_PG_CR2               0x005022    0x1  Data  Gb  main.o [1]
_A_PG_DDR               0x005020    0x1  Data  Gb  main.o [1]
_A_UART1_CR1            0x005234    0x1  Data  Gb  uart.o [1]
_A_UART1_CR2            0x005235    0x1  Data  Gb  uart.o [1]
_A_UART1_CR3            0x005236    0x1  Data  Gb  uart.o [1]
_A_UART1_SR             0x005230    0x1  Data  Gb  uart.o [1]
_EncodingSb_Mbtowc      0x009f92   0x33  Code  Gb  xencoding_sb.o [4]
_EncodingSb_Wctomb      0x00a1c8   0x18  Code  Gb  xencoding_sb.o [4]
_GenldFull              0x008df9  0x385  Code  Lc  xprintffull.o [4]
_LdtobFull              0x0089d6  0x423  Code  Lc  xprintffull.o [4]
_LitobFull              0x009574  0x171  Code  Lc  xprintffull.o [4]
_LocaleEncoding         0x00a30d    0xc  Code  Gb  setlocale.o [4]
_Locale_Profile         0x0001b2    0xe  Data  Gb  setlocale.o [4]
_Locale_lconv           0x00000c   0x2e  Data  Gb  localeconv.o [4]
_Mbtowc                 0x00a094   0x21  Code  Gb  xmbtowc.o [4]
_PrintfFull             0x008080  0x4f6  Code  Gb  xprintffull.o [4]
_Prout                  0x00a17c   0x1b  Code  Gb  xprout.o [4]
_PutcharFull            0x009ff5   0x2f  Code  Lc  xprintffull.o [4]
_PutcharsFull           0x009f5f   0x33  Code  Lc  xprintffull.o [4]
_PutstrFull             0x00917e  0x23f  Code  Lc  xprintffull.o [4]
_Wctomb                 0x00a160   0x1c  Code  Gb  xwctomb.o [4]
__DebugBreak            0x00a4ac    0x1  Code  Gb  __dbg_break.o [3]
__exit                  0x00a24a   0x14  Code  Gb  __dbg_xxexit.o [3]
__iar_Dnorm             0x0096e5         Code  Gb  float_libsup.o [4]
__iar_Dscale            0x009773         Code  Gb  float_libsup.o [4]
__iar_Dunscale          0x009721         Code  Gb  float_libsup.o [4]
__iar_Mbcurmax          0x00a460    0x6  Code  Gb  xmbcurmax.o [4]
__iar_Memchr            0x00a1b0   0x18  Code  Gb  memchr.o [4]
__iar_Stdout            0x00003a   0x28  Data  Gb  xfiles.o [4]
__iar_Strchr            0x00a20d   0x15  Code  Gb  strchr.o [4]
__iar_Tls_setup__Locale_Profile
                        0x0001d2    0x2  Data  Gb  setlocale.o [4]
__iar_Tls_setup__Locale_lconv
                        0x0001d0    0x2  Data  Gb  localeconv.o [4]
__iar_copy_init2        0x00a024         Code  Gb  init_small.o [4]
__iar_data_init2        0x00a1e0   0x17  Code  Gb  init.o [4]
__iar_program_start     0x00a271         Code  Gb  cstartup.o [4]
__iar_unhandled_exception
                        0x00a4a4         Code  Gb  unhandled_exception.o [4]
__iar_zero_init2        0x00a126         Code  Gb  init_small.o [4]
__intvec                0x008000         Data  Gb  interrupt.o [4]
__low_level_init        0x00a49e    0x3  Code  Gb  low_level_init.o [4]
__near_Aldata           0x0001cc    0x4  Data  Gb  xxmemxmalloc.o [4]
__near_GetMemChunk      0x00a197   0x19  Code  Gb  xgetmemchunk.o [4]
__near_findmem          0x009c74   0x5f  Code  Lc  xxmemxmalloc.o [4]
_exit                   0x00a47f         Code  Gb  cexit.o [4]
_interrupt_10           0x00a071         Code  Gb  main.o [1]
_interrupt_20           0x00a2c1         Code  Gb  uart.o [1]
beCAN_RX                0x009b78   0x8a  Code  Gb  main.o [1]
beCAN_TX                0x009d29   0x48  Code  Gb  main.o [1]
beCAN_bus_init          0x009d71   0x46  Code  Gb  main.o [1]
beCAN_gpio_init         0x00a2b4    0xd  Code  Gb  main.o [1]
div                     0x009fc5   0x30  Code  Gb  div.o [4]
exit                    0x00a4a1    0x3  Code  Gb  exit.o [4]
fputc                   0x00a32f    0xa  Code  Gb  uart.o [1]
free                    0x00994d   0xdb  Code  Gb  xxmemxfree.o [4]
localeconv              0x00a2e8    0xd  Code  Gb  localeconv.o [4]
main                    0x009a28   0xbc  Code  Gb  main.o [1]
malloc                  0x009ae4   0x94  Code  Gb  xxmemxmalloc.o [4]
memcpy                  0x00a04c   0x25  Code  Gb  memcpy.o [4]
obuf                    0x000162   0x50  Data  Lc  xfiles.o [4]
pad                     0x009f29   0x36  Code  Lc  xprintffull.o [4]
printf                  0x00a0c7   0x20  Code  Gb  printf.o [4]
putchar                 0x00a43b    0x7  Code  Gb  putchar.o [4]
rx_buf                  0x0001c0    0xc  Data  Gb  main.o [1]
scale                   0x009db7   0x43  Code  Lc  xprintffull.o [4]
strlen                  0x00a284   0x12  Code  Gb  strlen.o [4]


[1] = E:\Desktop\STM8Project\can\Debug\Obj
[2] = command line
[3] = dbgstm8smd.a
[4] = dlstm8smf.a

  8 882 bytes of readonly  code memory
    507 bytes of readonly  data memory
    726 bytes of readwrite data memory (+ 31 absolute)

Errors: none
Warnings: none
