###############################################################################
#
# IAR ELF Linker V2.20.1.176 for STM8                     13/Feb/2018  11:43:43
# Copyright 2010-2015 IAR Systems AB.
#
#    Output file  =  
#        E:\Desktop\STM8Project\STM8libproject\USER\Debug\Exe\stm8libcan.out
#    Map file     =  
#        E:\Desktop\STM8Project\STM8libproject\USER\Debug\List\stm8libcan.map
#    Command line =  
#        E:\Desktop\STM8Project\STM8libproject\USER\Debug\Obj\main.o
#        E:\Desktop\STM8Project\STM8libproject\USER\Debug\Obj\stm8s_can.o
#        E:\Desktop\STM8Project\STM8libproject\USER\Debug\Obj\stm8s_clk.o
#        E:\Desktop\STM8Project\STM8libproject\USER\Debug\Obj\stm8s_it.o
#        E:\Desktop\STM8Project\STM8libproject\USER\Debug\Obj\uart.o --redirect
#        _Printf=_PrintfFull --redirect _Scanf=_ScanfFullNoMb -o
#        E:\Desktop\STM8Project\STM8libproject\USER\Debug\Exe\stm8libcan.out
#        --map
#        E:\Desktop\STM8Project\STM8libproject\USER\Debug\List\stm8libcan.map
#        --config "C:\Program Files (x86)\IAR Systems\Embedded Workbench
#        7.3\stm8\config\lnkstm8s208rb.icf" --config_def _CSTACK_SIZE=0x100
#        --config_def _HEAP_SIZE=0x100 --entry __iar_program_start --debug_lib
#
###############################################################################

*******************************************************************************
*** RUNTIME MODEL ATTRIBUTES
***

__Heap_Handler             = Basic
__SystemLibrary            = DLib
__code_model               = small
__core                     = stm8
__data_model               = medium
__dlib_file_descriptor     = 1
__dlib_full_locale_support = 1
__rt_version               = 4


*******************************************************************************
*** PLACEMENT SUMMARY
***

"A1":  place at start of [0x000000-0x0000ff] { rw section .vregs };
"A2":  place at end of [0x000000-0x0017ff] { block CSTACK };
"P2":  place in [from 0x000000 to 0x0017ff] {
          block HEAP, rw section __DLIB_PERTHREAD, rw section .far.bss,
          rw section .far.data, rw section .far.noinit,
          rw section .far_func.textrw, rw section .huge.bss,
          rw section .huge.data, rw section .huge.noinit,
          rw section .huge_func.textrw, rw section .iar.dynexit,
          rw section .near.bss, rw section .near.data, rw section .near.noinit,
          rw section .near_func.textrw };
"A3":  place at start of [0x008000-0x00ffff] { block INTVEC };
"P3":  place in [from 0x008000 to 0x00ffff] {
          ro section __DLIB_PERTHREAD_init, ro section .far.data_init,
          ro section .far_func.textrw_init, ro section .huge.data_init,
          ro section .huge_func.textrw_init, ro section .iar.init_table,
          ro section .init_array, ro section .near.data_init,
          ro section .near.rodata, ro section .near_func.text,
          ro section .near_func.textrw_init, ro section .tiny.data_init,
          ro section .tiny.rodata_init };

  Section          Kind      Address   Size  Object
  -------          ----      -------   ----  ------
"A1":                                  0x10
  .vregs           uninit   0x000000   0x10  vregs.o [4]
                          - 0x000010   0x10

"P2":                                   0xc
  .near.bss        zero     0x000010    0xc  main.o [1]
                          - 0x00001c    0xc

"A2":                                 0x100
  CSTACK                    0x001700  0x100  <Block>
    CSTACK         uninit   0x001700  0x100  <Block tail>
                          - 0x001800  0x100

Absolute sections, part 1 of 4:         0x3
  .near.noinit     uninit   0x005020    0x1  main.o [1]
  .near.noinit     uninit   0x005021    0x1  main.o [1]
  .near.noinit     uninit   0x005022    0x1  main.o [1]
                          - 0x005023    0x3

Absolute sections, part 2 of 4:         0x5
  .near.noinit     uninit   0x005232    0x1  uart.o [1]
  .near.noinit     uninit   0x005233    0x1  uart.o [1]
  .near.noinit     uninit   0x005234    0x1  uart.o [1]
  .near.noinit     uninit   0x005235    0x1  uart.o [1]
  .near.noinit     uninit   0x005236    0x1  uart.o [1]
                          - 0x005237    0x5

Absolute sections, part 3 of 4:         0x2
  .near.noinit     uninit   0x005424    0x1  main.o [1]
  .near.noinit     uninit   0x005425    0x1  main.o [1]
                          - 0x005426    0x2

Absolute sections, part 4 of 4:         0xf
  .near.noinit     uninit   0x005427    0x1  main.o [1]
  .near.noinit     uninit   0x005428    0x1  main.o [1]
  .near.noinit     uninit   0x005429    0x1  main.o [1]
  .near.noinit     uninit   0x00542a    0x1  main.o [1]
  .near.noinit     uninit   0x00542b    0x1  main.o [1]
  .near.noinit     uninit   0x00542c    0x1  main.o [1]
  .near.noinit     uninit   0x00542d    0x1  main.o [1]
  .near.noinit     uninit   0x00542e    0x1  main.o [1]
  .near.noinit     uninit   0x00542f    0x1  main.o [1]
  .near.noinit     uninit   0x005430    0x1  main.o [1]
  .near.noinit     uninit   0x005431    0x1  main.o [1]
  .near.noinit     uninit   0x005432    0x1  main.o [1]
  .near.noinit     uninit   0x005433    0x1  main.o [1]
  .near.noinit     uninit   0x005434    0x1  main.o [1]
  .near.noinit     uninit   0x005435    0x1  main.o [1]
                          - 0x005436    0xf

"A3":                                  0x80
  INTVEC                    0x008000   0x80  <Block>
    .intvec        const    0x008000   0x80  interrupt.o [4]
                          - 0x008080   0x80

"P3":                                 0x8a2
  .near_func.text  ro code  0x008080  0x3a4  stm8s_can.o [1]
  .near_func.text  ro code  0x008424   0xd2  vreg_util.o [4]
  .near_func.text  ro code  0x0084f6   0xad  main.o [1]
  .near_func.text  ro code  0x0085a3   0x99  main.o [1]
  .near_func.text  ro code  0x00863c   0x85  main.o [1]
  .near_func.text  ro code  0x0086c1   0x78  stm8s_can.o [1]
  .near_func.text  ro code  0x008739   0x64  main.o [1]
  .near_func.text  ro code  0x00879d   0x5b  main.o [1]
  .near_func.text  ro code  0x0087f8   0x3d  long.o [4]
  .iar.init_table  const    0x008835    0x8  - Linker created -
  .near_func.text  ro code  0x00883d   0x1e  init_small.o [4]
  .near_func.text  ro code  0x00885b   0x1a  main.o [1]
  .near_func.text  ro code  0x008875   0x17  init.o [4]
  .near_func.text  ro code  0x00888c   0x16  uart.o [1]
  .near_func.text  ro code  0x0088a2   0x14  __dbg_xxexit.o [3]
  .near_func.text  ro code  0x0088b6   0x13  main.o [1]
  .near_func.text  ro code  0x0088c9   0x13  stm8s_clk.o [1]
  .near_func.text  ro code  0x0088dc   0x13  cstartup.o [4]
  .near_func.text  ro code  0x0088ef    0x8  short.o [4]
  .near_func.text  ro code  0x0088f7    0x5  cexit.o [4]
  .near_func.text  ro code  0x0088fc    0x3  interrupt.o [4]
  .near_func.text  ro code  0x0088ff    0x3  low_level_init.o [4]
  .near_func.text  ro code  0x008902    0x3  exit.o [4]
  .near_func.text  ro code  0x008905    0x3  unhandled_exception.o [4]
  .near_func.text  ro code  0x008908    0x1  stm8s_it.o [1]
  .near_func.text  ro code  0x008909    0x1  stm8s_it.o [1]
  .near_func.text  ro code  0x00890a    0x1  stm8s_it.o [1]
  .near_func.text  ro code  0x00890b    0x1  stm8s_it.o [1]
  .near_func.text  ro code  0x00890c    0x1  stm8s_it.o [1]
  .near_func.text  ro code  0x00890d    0x1  stm8s_it.o [1]
  .near_func.text  ro code  0x00890e    0x1  stm8s_it.o [1]
  .near_func.text  ro code  0x00890f    0x1  stm8s_it.o [1]
  .near_func.text  ro code  0x008910    0x1  stm8s_it.o [1]
  .near_func.text  ro code  0x008911    0x1  stm8s_it.o [1]
  .near_func.text  ro code  0x008912    0x1  stm8s_it.o [1]
  .near_func.text  ro code  0x008913    0x1  stm8s_it.o [1]
  .near_func.text  ro code  0x008914    0x1  stm8s_it.o [1]
  .near_func.text  ro code  0x008915    0x1  stm8s_it.o [1]
  .near_func.text  ro code  0x008916    0x1  stm8s_it.o [1]
  .near_func.text  ro code  0x008917    0x1  stm8s_it.o [1]
  .near_func.text  ro code  0x008918    0x1  stm8s_it.o [1]
  .near_func.text  ro code  0x008919    0x1  stm8s_it.o [1]
  .near_func.text  ro code  0x00891a    0x1  stm8s_it.o [1]
  .near_func.text  ro code  0x00891b    0x1  stm8s_it.o [1]
  .near_func.text  ro code  0x00891c    0x1  stm8s_it.o [1]
  .near_func.text  ro code  0x00891d    0x1  stm8s_it.o [1]
  .near_func.text  ro code  0x00891e    0x1  stm8s_it.o [1]
  .near_func.text  ro code  0x00891f    0x1  stm8s_it.o [1]
  .near_func.text  ro code  0x008920    0x1  stm8s_it.o [1]
  .near_func.text  ro code  0x008921    0x1  __dbg_break.o [3]
                          - 0x008922  0x8a2


*******************************************************************************
*** INIT TABLE
***

          Address   Size
          -------   ----
Zero (__iar_zero_init2)
    1 destination range, total size 0xc:
          0x000010   0xc



*******************************************************************************
*** MODULE SUMMARY
***

    Module                 ro code  ro data  rw data  rw data
                                                       (abs)
    ------                 -------  -------  -------  -------
E:\Desktop\STM8Project\STM8libproject\USER\Debug\Obj: [1]
    main.o                     695                12       20
    stm8s_can.o              1 052
    stm8s_clk.o                 19
    stm8s_it.o                  25
    uart.o                      22                          5
    ---------------------------------------------------------
    Total:                   1 813                12       25

command line: [2]
    ---------------------------------------------------------
    Total:

dbgstm8smd.a: [3]
    __dbg_break.o                1
    __dbg_xxexit.o              20
    ---------------------------------------------------------
    Total:                      21

dlstm8smf.a: [4]
    cexit.o                      5
    cstartup.o                  19
    exit.o                       3
    init.o                      23
    init_small.o                30
    interrupt.o                  3      128
    long.o                      61
    low_level_init.o             3
    short.o                      8
    unhandled_exception.o        3
    vreg_util.o                210
    vregs.o                                       16
    ---------------------------------------------------------
    Total:                     368      128       16

    Linker created                        8      256
-------------------------------------------------------------
    Grand Total:             2 202      136      284       25


*******************************************************************************
*** ENTRY LIST
***

Entry                    Address   Size  Type      Object
-----                    -------   ----  ----      ------
.iar.init_table$$Base   0x008835          --   Gb  - Linker created -
.iar.init_table$$Limit  0x00883d          --   Gb  - Linker created -
?b0                     0x000000         Data  Gb  vregs.o [4]
?b1                     0x000001         Data  Gb  vregs.o [4]
?b10                    0x00000a         Data  Gb  vregs.o [4]
?b11                    0x00000b         Data  Gb  vregs.o [4]
?b12                    0x00000c         Data  Gb  vregs.o [4]
?b13                    0x00000d         Data  Gb  vregs.o [4]
?b14                    0x00000e         Data  Gb  vregs.o [4]
?b15                    0x00000f         Data  Gb  vregs.o [4]
?b2                     0x000002         Data  Gb  vregs.o [4]
?b3                     0x000003         Data  Gb  vregs.o [4]
?b4                     0x000004         Data  Gb  vregs.o [4]
?b5                     0x000005         Data  Gb  vregs.o [4]
?b6                     0x000006         Data  Gb  vregs.o [4]
?b7                     0x000007         Data  Gb  vregs.o [4]
?b8                     0x000008         Data  Gb  vregs.o [4]
?b9                     0x000009         Data  Gb  vregs.o [4]
?e0                     0x000001         Data  Gb  vregs.o [4]
?e1                     0x000005         Data  Gb  vregs.o [4]
?e2                     0x000009         Data  Gb  vregs.o [4]
?e3                     0x00000d         Data  Gb  vregs.o [4]
?epilogue_l2            0x0084a4         Code  Gb  vreg_util.o [4]
?epilogue_l2_l3         0x0084a1         Code  Gb  vreg_util.o [4]
?l0                     0x000000         Data  Gb  vregs.o [4]
?l1                     0x000004         Data  Gb  vregs.o [4]
?l2                     0x000008         Data  Gb  vregs.o [4]
?l3                     0x00000c         Data  Gb  vregs.o [4]
?mov_e0_e1              0x0084ab         Code  Gb  vreg_util.o [4]
?mov_e0_e2              0x0084b8         Code  Gb  vreg_util.o [4]
?mov_e0_e3              0x0084c5         Code  Gb  vreg_util.o [4]
?mov_e1_e0              0x0084d2         Code  Gb  vreg_util.o [4]
?mov_e2_e0              0x0084df         Code  Gb  vreg_util.o [4]
?mov_e3_e0              0x0084ec         Code  Gb  vreg_util.o [4]
?mov_l0_l1              0x0084a8         Code  Gb  vreg_util.o [4]
?mov_l0_l2              0x0084b5         Code  Gb  vreg_util.o [4]
?mov_l0_l3              0x0084c2         Code  Gb  vreg_util.o [4]
?mov_l1_l0              0x0084cf         Code  Gb  vreg_util.o [4]
?mov_l2_l0              0x0084dc         Code  Gb  vreg_util.o [4]
?mov_l3_l0              0x0084e9         Code  Gb  vreg_util.o [4]
?mov_w1_w3              0x0084ae         Code  Gb  vreg_util.o [4]
?mov_w1_w5              0x0084bb         Code  Gb  vreg_util.o [4]
?mov_w1_w7              0x0084c8         Code  Gb  vreg_util.o [4]
?mov_w3_w1              0x0084d5         Code  Gb  vreg_util.o [4]
?mov_w5_w1              0x0084e2         Code  Gb  vreg_util.o [4]
?mov_w7_w1              0x0084ef         Code  Gb  vreg_util.o [4]
?or32_l0_l0_0x          0x0087fb         Code  Gb  long.o [4]
?or32_l0_l0_l1          0x0087f8         Code  Gb  long.o [4]
?pop_l0                 0x00846d         Code  Gb  vreg_util.o [4]
?pop_l1                 0x008478         Code  Gb  vreg_util.o [4]
?pop_l2                 0x008483         Code  Gb  vreg_util.o [4]
?pop_l3                 0x00848e         Code  Gb  vreg_util.o [4]
?push_l0                0x00843c         Code  Gb  vreg_util.o [4]
?push_l1                0x008441         Code  Gb  vreg_util.o [4]
?push_l2                0x008446         Code  Gb  vreg_util.o [4]
?push_l3                0x00844b         Code  Gb  vreg_util.o [4]
?push_w4                0x008424         Code  Gb  vreg_util.o [4]
?sll16_x_x_a            0x0088ef         Code  Gb  short.o [4]
?sll32_0x_0x_a          0x008816         Code  Gb  long.o [4]
?sll32_l0_l0_a          0x008813         Code  Gb  long.o [4]
?srl32_0x_0x_a          0x008827         Code  Gb  long.o [4]
?srl32_l0_l0_a          0x008824         Code  Gb  long.o [4]
?w0                     0x000000         Data  Gb  vregs.o [4]
?w1                     0x000002         Data  Gb  vregs.o [4]
?w2                     0x000004         Data  Gb  vregs.o [4]
?w3                     0x000006         Data  Gb  vregs.o [4]
?w4                     0x000008         Data  Gb  vregs.o [4]
?w5                     0x00000a         Data  Gb  vregs.o [4]
?w6                     0x00000c         Data  Gb  vregs.o [4]
?w7                     0x00000e         Data  Gb  vregs.o [4]
ADC2_IRQHandler         0x00891e    0x1  Code  Gb  stm8s_it.o [1]
AWU_IRQHandler          0x00890a    0x1  Code  Gb  stm8s_it.o [1]
BSP_Configuration       0x008622    0xd  Code  Gb  main.o [1]
CAN_Configuration       0x008603   0x1f  Code  Gb  main.o [1]
CAN_FPSR                0x005427    0x1  Data  Gb  main.o [1]
CAN_FilterInit          0x0080ec  0x338  Code  Gb  stm8s_can.o [1]
CAN_FilterInit_socket   0x0085ab   0x58  Code  Gb  main.o [1]
CAN_GetSelectedPage     0x008084    0x4  Code  Gb  stm8s_can.o [1]
CAN_Init                0x008088   0x64  Code  Gb  stm8s_can.o [1]
CAN_OperatingModeRequest
                        0x0086c1   0x78  Code  Gb  stm8s_can.o [1]
CAN_P0                  0x005428    0x1  Data  Gb  main.o [1]
CAN_P1                  0x005429    0x1  Data  Gb  main.o [1]
CAN_P2                  0x00542a    0x1  Data  Gb  main.o [1]
CAN_P3                  0x00542b    0x1  Data  Gb  main.o [1]
CAN_P4                  0x00542c    0x1  Data  Gb  main.o [1]
CAN_P5                  0x00542d    0x1  Data  Gb  main.o [1]
CAN_P6                  0x00542e    0x1  Data  Gb  main.o [1]
CAN_P7                  0x00542f    0x1  Data  Gb  main.o [1]
CAN_P8                  0x005430    0x1  Data  Gb  main.o [1]
CAN_P9                  0x005431    0x1  Data  Gb  main.o [1]
CAN_PA                  0x005432    0x1  Data  Gb  main.o [1]
CAN_PB                  0x005433    0x1  Data  Gb  main.o [1]
CAN_PC                  0x005434    0x1  Data  Gb  main.o [1]
CAN_PD                  0x005435    0x1  Data  Gb  main.o [1]
CAN_RX_IRQHandler       0x0084f6   0xad  Code  Gb  main.o [1]
CAN_SelectPage          0x008080    0x4  Code  Gb  stm8s_can.o [1]
CAN_TX_IRQHandler       0x008911    0x1  Code  Gb  stm8s_it.o [1]
CLK_HSIPrescalerConfig  0x0088c9   0x13  Code  Gb  stm8s_clk.o [1]
CLK_IRQHandler          0x00890b    0x1  Code  Gb  stm8s_it.o [1]
CSTACK$$Base            0x001700          --   Gb  - Linker created -
CSTACK$$Limit           0x001800          --   Gb  - Linker created -
Delay_ms                0x0088b6   0x13  Code  Gb  main.o [1]
Delay_us                0x0085a3    0x8  Code  Gb  main.o [1]
EEPROM_EEC_IRQHandler   0x008920    0x1  Code  Gb  stm8s_it.o [1]
EXTI_PORTA_IRQHandler   0x00890c    0x1  Code  Gb  stm8s_it.o [1]
EXTI_PORTB_IRQHandler   0x00890d    0x1  Code  Gb  stm8s_it.o [1]
EXTI_PORTC_IRQHandler   0x00890e    0x1  Code  Gb  stm8s_it.o [1]
EXTI_PORTD_IRQHandler   0x00890f    0x1  Code  Gb  stm8s_it.o [1]
EXTI_PORTE_IRQHandler   0x008910    0x1  Code  Gb  stm8s_it.o [1]
I2C_IRQHandler          0x00891b    0x1  Code  Gb  stm8s_it.o [1]
INTVEC$$Base            0x008000          --   Gb  - Linker created -
INTVEC$$Limit           0x008080          --   Gb  - Linker created -
Region$$Table$$Base     0x008835          --   Gb  - Linker created -
Region$$Table$$Limit    0x00883d          --   Gb  - Linker created -
SPI_IRQHandler          0x008912    0x1  Code  Gb  stm8s_it.o [1]
TIM1_CAP_COM_IRQHandler
                        0x008914    0x1  Code  Gb  stm8s_it.o [1]
TIM1_UPD_OVF_TRG_BRK_IRQHandler
                        0x008913    0x1  Code  Gb  stm8s_it.o [1]
TIM2_CAP_COM_IRQHandler
                        0x008916    0x1  Code  Gb  stm8s_it.o [1]
TIM2_UPD_OVF_BRK_IRQHandler
                        0x008915    0x1  Code  Gb  stm8s_it.o [1]
TIM3_CAP_COM_IRQHandler
                        0x008918    0x1  Code  Gb  stm8s_it.o [1]
TIM3_UPD_OVF_BRK_IRQHandler
                        0x008917    0x1  Code  Gb  stm8s_it.o [1]
TIM4_UPD_OVF_IRQHandler
                        0x00891f    0x1  Code  Gb  stm8s_it.o [1]
TLI_IRQHandler          0x008909    0x1  Code  Gb  stm8s_it.o [1]
TRAP_IRQHandler         0x008908    0x1  Code  Gb  stm8s_it.o [1]
UART1_BRR1              0x005232    0x1  Data  Gb  uart.o [1]
UART1_BRR2              0x005233    0x1  Data  Gb  uart.o [1]
UART1_RX_IRQHandler     0x00891a    0x1  Code  Gb  stm8s_it.o [1]
UART1_TX_IRQHandler     0x008919    0x1  Code  Gb  stm8s_it.o [1]
UART1_init              0x00888c   0x16  Code  Gb  uart.o [1]
UART3_RX_IRQHandler     0x00891d    0x1  Code  Gb  stm8s_it.o [1]
UART3_TX_IRQHandler     0x00891c    0x1  Code  Gb  stm8s_it.o [1]
_A_CAN_IER              0x005425    0x1  Data  Gb  main.o [1]
_A_CAN_RFR              0x005424    0x1  Data  Gb  main.o [1]
_A_PG_CR1               0x005021    0x1  Data  Gb  main.o [1]
_A_PG_CR2               0x005022    0x1  Data  Gb  main.o [1]
_A_PG_DDR               0x005020    0x1  Data  Gb  main.o [1]
_A_UART1_CR1            0x005234    0x1  Data  Gb  uart.o [1]
_A_UART1_CR2            0x005235    0x1  Data  Gb  uart.o [1]
_A_UART1_CR3            0x005236    0x1  Data  Gb  uart.o [1]
__DebugBreak            0x008921    0x1  Code  Gb  __dbg_break.o [3]
__exit                  0x0088a2   0x14  Code  Gb  __dbg_xxexit.o [3]
__iar_data_init2        0x008875   0x17  Code  Gb  init.o [4]
__iar_program_start     0x0088dc         Code  Gb  cstartup.o [4]
__iar_unhandled_exception
                        0x008905         Code  Gb  unhandled_exception.o [4]
__iar_zero_init2        0x00883d         Code  Gb  init_small.o [4]
__intvec                0x008000         Data  Gb  interrupt.o [4]
__low_level_init        0x0088ff    0x3  Code  Gb  low_level_init.o [4]
_exit                   0x0088f7         Code  Gb  cexit.o [4]
_interrupt_1            0x008908         Code  Gb  stm8s_it.o [1]
_interrupt_10           0x0084f6         Code  Gb  main.o [1]
_interrupt_11           0x008911         Code  Gb  stm8s_it.o [1]
_interrupt_12           0x008912         Code  Gb  stm8s_it.o [1]
_interrupt_13           0x008913         Code  Gb  stm8s_it.o [1]
_interrupt_14           0x008914         Code  Gb  stm8s_it.o [1]
_interrupt_15           0x008915         Code  Gb  stm8s_it.o [1]
_interrupt_16           0x008916         Code  Gb  stm8s_it.o [1]
_interrupt_17           0x008917         Code  Gb  stm8s_it.o [1]
_interrupt_18           0x008918         Code  Gb  stm8s_it.o [1]
_interrupt_19           0x008919         Code  Gb  stm8s_it.o [1]
_interrupt_2            0x008909         Code  Gb  stm8s_it.o [1]
_interrupt_20           0x00891a         Code  Gb  stm8s_it.o [1]
_interrupt_21           0x00891b         Code  Gb  stm8s_it.o [1]
_interrupt_22           0x00891c         Code  Gb  stm8s_it.o [1]
_interrupt_23           0x00891d         Code  Gb  stm8s_it.o [1]
_interrupt_24           0x00891e         Code  Gb  stm8s_it.o [1]
_interrupt_25           0x00891f         Code  Gb  stm8s_it.o [1]
_interrupt_26           0x008920         Code  Gb  stm8s_it.o [1]
_interrupt_3            0x00890a         Code  Gb  stm8s_it.o [1]
_interrupt_4            0x00890b         Code  Gb  stm8s_it.o [1]
_interrupt_5            0x00890c         Code  Gb  stm8s_it.o [1]
_interrupt_6            0x00890d         Code  Gb  stm8s_it.o [1]
_interrupt_7            0x00890e         Code  Gb  stm8s_it.o [1]
_interrupt_8            0x00890f         Code  Gb  stm8s_it.o [1]
_interrupt_9            0x008910         Code  Gb  stm8s_it.o [1]
beCAN_RX                0x00863c   0x85  Code  Gb  main.o [1]
beCAN_TX_package        0x00879d   0x5b  Code  Gb  main.o [1]
beCAN_filter_init_package
                        0x008739   0x64  Code  Gb  main.o [1]
beCAN_gpio_init         0x00862f    0xd  Code  Gb  main.o [1]
exit                    0x008902    0x3  Code  Gb  exit.o [4]
main                    0x00885b   0x1a  Code  Gb  main.o [1]
rx_buf                  0x000010    0xc  Data  Gb  main.o [1]


[1] = E:\Desktop\STM8Project\STM8libproject\USER\Debug\Obj
[2] = command line
[3] = dbgstm8smd.a
[4] = dlstm8smf.a

  2 202 bytes of readonly  code memory
    136 bytes of readonly  data memory
    284 bytes of readwrite data memory (+ 25 absolute)

Errors: none
Warnings: none
