###############################################################################
#
# IAR ELF Linker V2.20.1.176 for STM8                     19/May/2017  11:36:27
# Copyright 2010-2015 IAR Systems AB.
#
#    Output file  =  E:\Desktop\STM8Project\colock\Debug\Exe\clock.out
#    Map file     =  E:\Desktop\STM8Project\colock\Debug\List\clock.map
#    Command line =  
#        E:\Desktop\STM8Project\colock\Debug\Obj\main.o --redirect
#        _Printf=_PrintfFullNoMb --redirect _Scanf=_ScanfFullNoMb -o
#        E:\Desktop\STM8Project\colock\Debug\Exe\clock.out --map
#        E:\Desktop\STM8Project\colock\Debug\List\clock.map --config
#        "C:\Program Files (x86)\IAR Systems\Embedded Workbench
#        7.3\stm8\config\lnkstm8s208rb.icf" --config_def _CSTACK_SIZE=0x100
#        --config_def _HEAP_SIZE=0x100 --entry __iar_program_start --debug_lib
#
###############################################################################

*******************************************************************************
*** RUNTIME MODEL ATTRIBUTES
***

__SystemLibrary            = DLib
__code_model               = small
__core                     = stm8
__data_model               = medium
__dlib_file_descriptor     = 0
__dlib_full_locale_support = 0
__rt_version               = 4


*******************************************************************************
*** PLACEMENT SUMMARY
***

"A1":  place at start of [0x000000-0x0000ff] { rw section .vregs };
"A2":  place at end of [0x000000-0x0017ff] { block CSTACK };
"A3":  place at start of [0x008000-0x00ffff] { block INTVEC };
"P3":  place in [from 0x008000 to 0x00ffff] {
          ro section __DLIB_PERTHREAD_init, ro section .far.data_init,
          ro section .far_func.textrw_init, ro section .huge.data_init,
          ro section .huge_func.textrw_init, ro section .iar.init_table,
          ro section .init_array, ro section .near.data_init,
          ro section .near.rodata, ro section .near_func.text,
          ro section .near_func.textrw_init, ro section .tiny.data_init,
          ro section .tiny.rodata_init };

  Section          Kind      Address   Size  Object
  -------          ----      -------   ----  ------
"A1":                                   0xc
  .vregs           uninit   0x000000    0xc  vregs.o [4]
                          - 0x00000c    0xc

"A2":                                 0x100
  CSTACK                    0x001700  0x100  <Block>
    CSTACK         uninit   0x001700  0x100  <Block tail>
                          - 0x001800  0x100

Absolute sections, part 1 of 5:         0x1
  .near.noinit     uninit   0x00500a    0x1  main.o [1]
                          - 0x00500b    0x1

Absolute sections, part 2 of 5:         0x3
  .near.noinit     uninit   0x00500c    0x1  main.o [1]
  .near.noinit     uninit   0x00500d    0x1  main.o [1]
  .near.noinit     uninit   0x00500e    0x1  main.o [1]
                          - 0x00500f    0x3

Absolute sections, part 3 of 5:         0x1
  .near.noinit     uninit   0x005028    0x1  main.o [1]
                          - 0x005029    0x1

Absolute sections, part 4 of 5:         0x3
  .near.noinit     uninit   0x00502a    0x1  main.o [1]
  .near.noinit     uninit   0x00502b    0x1  main.o [1]
  .near.noinit     uninit   0x00502c    0x1  main.o [1]
                          - 0x00502d    0x3

Absolute sections, part 5 of 5:         0x2
  .near.noinit     uninit   0x0050c4    0x1  main.o [1]
  .near.noinit     uninit   0x0050c5    0x1  main.o [1]
                          - 0x0050c6    0x2

"A3":                                  0x80
  INTVEC                    0x008000   0x80  <Block>
    .intvec        const    0x008000   0x80  interrupt.o [4]
                          - 0x008080   0x80

"P3":                                  0xce
  .near_func.text  ro code  0x008080   0x53  main.o [1]
  .near_func.text  ro code  0x0080d3   0x18  vreg_util.o [4]
  .near_func.text  ro code  0x0080eb   0x17  init.o [4]
  .near_func.text  ro code  0x008102   0x14  __dbg_xxexit.o [3]
  .near_func.text  ro code  0x008116   0x13  main.o [1]
  .near_func.text  ro code  0x008129   0x13  cstartup.o [4]
  .near_func.text  ro code  0x00813c    0x5  cexit.o [4]
  .near_func.text  ro code  0x008141    0x3  interrupt.o [4]
  .near_func.text  ro code  0x008144    0x3  low_level_init.o [4]
  .near_func.text  ro code  0x008147    0x3  exit.o [4]
  .near_func.text  ro code  0x00814a    0x3  unhandled_exception.o [4]
  .near_func.text  ro code  0x00814d    0x1  __dbg_break.o [3]
                          - 0x00814e   0xce



*******************************************************************************
*** MODULE SUMMARY
***

    Module                 ro code  ro data  rw data  rw data
                                                       (abs)
    ------                 -------  -------  -------  -------
E:\Desktop\STM8Project\colock\Debug\Obj: [1]
    main.o                     102                         10
    ---------------------------------------------------------
    Total:                     102                         10

command line: [2]
    ---------------------------------------------------------
    Total:

dbgstm8smd.a: [3]
    __dbg_break.o                1
    __dbg_xxexit.o              20
    ---------------------------------------------------------
    Total:                      21

dlstm8smn.a: [4]
    cexit.o                      5
    cstartup.o                  19
    exit.o                       3
    init.o                      23
    interrupt.o                  3      128
    low_level_init.o             3
    unhandled_exception.o        3
    vreg_util.o                 24
    vregs.o                                       12
    ---------------------------------------------------------
    Total:                      83      128       12

    Linker created                               256
-------------------------------------------------------------
    Grand Total:               206      128      268       10


*******************************************************************************
*** ENTRY LIST
***

Entry                    Address  Size  Type      Object
-----                    -------  ----  ----      ------
?b0                     0x000000        Data  Gb  vregs.o [4]
?b1                     0x000001        Data  Gb  vregs.o [4]
?b10                    0x00000a        Data  Gb  vregs.o [4]
?b11                    0x00000b        Data  Gb  vregs.o [4]
?b2                     0x000002        Data  Gb  vregs.o [4]
?b3                     0x000003        Data  Gb  vregs.o [4]
?b4                     0x000004        Data  Gb  vregs.o [4]
?b5                     0x000005        Data  Gb  vregs.o [4]
?b6                     0x000006        Data  Gb  vregs.o [4]
?b7                     0x000007        Data  Gb  vregs.o [4]
?b8                     0x000008        Data  Gb  vregs.o [4]
?b9                     0x000009        Data  Gb  vregs.o [4]
?e0                     0x000001        Data  Gb  vregs.o [4]
?e1                     0x000005        Data  Gb  vregs.o [4]
?e2                     0x000009        Data  Gb  vregs.o [4]
?l0                     0x000000        Data  Gb  vregs.o [4]
?l1                     0x000004        Data  Gb  vregs.o [4]
?l2                     0x000008        Data  Gb  vregs.o [4]
?push_w4                0x0080d3        Code  Gb  vreg_util.o [4]
?w0                     0x000000        Data  Gb  vregs.o [4]
?w1                     0x000002        Data  Gb  vregs.o [4]
?w2                     0x000004        Data  Gb  vregs.o [4]
?w3                     0x000006        Data  Gb  vregs.o [4]
?w4                     0x000008        Data  Gb  vregs.o [4]
?w5                     0x00000a        Data  Gb  vregs.o [4]
CLK_SWR                 0x0050c4   0x1  Data  Gb  main.o [1]
CSTACK$$Base            0x001700         --   Gb  - Linker created -
CSTACK$$Limit           0x001800         --   Gb  - Linker created -
INTVEC$$Base            0x008000         --   Gb  - Linker created -
INTVEC$$Limit           0x008080         --   Gb  - Linker created -
Region$$Table$$Base   0x00000000         --   Gb  - Linker created -
Region$$Table$$Limit  0x00000000         --   Gb  - Linker created -
_A_CLK_SWCR             0x0050c5   0x1  Data  Gb  main.o [1]
_A_PC_CR1               0x00500d   0x1  Data  Gb  main.o [1]
_A_PC_CR2               0x00500e   0x1  Data  Gb  main.o [1]
_A_PC_DDR               0x00500c   0x1  Data  Gb  main.o [1]
_A_PC_ODR               0x00500a   0x1  Data  Gb  main.o [1]
_A_PI_CR1               0x00502b   0x1  Data  Gb  main.o [1]
_A_PI_CR2               0x00502c   0x1  Data  Gb  main.o [1]
_A_PI_DDR               0x00502a   0x1  Data  Gb  main.o [1]
_A_PI_ODR               0x005028   0x1  Data  Gb  main.o [1]
__DebugBreak            0x00814d   0x1  Code  Gb  __dbg_break.o [3]
__exit                  0x008102  0x14  Code  Gb  __dbg_xxexit.o [3]
__iar_data_init2        0x0080eb  0x17  Code  Gb  init.o [4]
__iar_program_start     0x008129        Code  Gb  cstartup.o [4]
__iar_unhandled_exception
                        0x00814a        Code  Gb  unhandled_exception.o [4]
__intvec                0x008000        Data  Gb  interrupt.o [4]
__low_level_init        0x008144   0x3  Code  Gb  low_level_init.o [4]
_exit                   0x00813c        Code  Gb  cexit.o [4]
delay_ms                0x008116  0x13  Code  Gb  main.o [1]
exit                    0x008147   0x3  Code  Gb  exit.o [4]
main                    0x008080  0x53  Code  Gb  main.o [1]


[1] = E:\Desktop\STM8Project\colock\Debug\Obj
[2] = command line
[3] = dbgstm8smd.a
[4] = dlstm8smn.a

  206 bytes of readonly  code memory
  128 bytes of readonly  data memory
  268 bytes of readwrite data memory (+ 10 absolute)

Errors: none
Warnings: none
